Archive member included to satisfy reference by file (symbol)

/home/twccyoyo/riscv/riscv-gnu-toolchain//lib/gcc/riscv32-unknown-elf/8.2.0/libgcc.a(_divdi3.o)
                              ../../sw/elibc/time.o (__divdi3)
/home/twccyoyo/riscv/riscv-gnu-toolchain//lib/gcc/riscv32-unknown-elf/8.2.0/libgcc.a(adddf3.o)
                              ../../sw/elibc/stdio.o (__adddf3)
/home/twccyoyo/riscv/riscv-gnu-toolchain//lib/gcc/riscv32-unknown-elf/8.2.0/libgcc.a(ledf2.o)
                              ../../sw/elibc/stdio.o (__ltdf2)
/home/twccyoyo/riscv/riscv-gnu-toolchain//lib/gcc/riscv32-unknown-elf/8.2.0/libgcc.a(muldf3.o)
                              ../../sw/elibc/stdio.o (__muldf3)
/home/twccyoyo/riscv/riscv-gnu-toolchain//lib/gcc/riscv32-unknown-elf/8.2.0/libgcc.a(subdf3.o)
                              ../../sw/elibc/stdio.o (__subdf3)
/home/twccyoyo/riscv/riscv-gnu-toolchain//lib/gcc/riscv32-unknown-elf/8.2.0/libgcc.a(fixdfsi.o)
                              ../../sw/elibc/stdio.o (__fixdfsi)
/home/twccyoyo/riscv/riscv-gnu-toolchain//lib/gcc/riscv32-unknown-elf/8.2.0/libgcc.a(floatsidf.o)
                              ../../sw/elibc/stdio.o (__floatsidf)
/home/twccyoyo/riscv/riscv-gnu-toolchain//lib/gcc/riscv32-unknown-elf/8.2.0/libgcc.a(extendsfdf2.o)
                              test.o (__extendsfdf2)
/home/twccyoyo/riscv/riscv-gnu-toolchain//lib/gcc/riscv32-unknown-elf/8.2.0/libgcc.a(_clz.o)
                              /home/twccyoyo/riscv/riscv-gnu-toolchain//lib/gcc/riscv32-unknown-elf/8.2.0/libgcc.a(_divdi3.o) (__clz_tab)
/home/twccyoyo/riscv/riscv-gnu-toolchain//lib/gcc/riscv32-unknown-elf/8.2.0/libgcc.a(_clzsi2.o)
                              /home/twccyoyo/riscv/riscv-gnu-toolchain//lib/gcc/riscv32-unknown-elf/8.2.0/libgcc.a(adddf3.o) (__clzsi2)

Allocating common symbols
Common symbol       size              file

got_timmer_isr      0x4               test.o

Memory Configuration

Name             Origin             Length             Attributes
code_ram         0x0000000000000000 0x0000000000100000 xr !rw
data_ram         0x0000000000020000 0x0000000000100000 rw !x
heap_ram         0x0000000000400000 0x0000000000100000 rw !x
stack_ram        0x0000000000900000 0x0000000000100000 rw !x
*default*        0x0000000000000000 0xffffffffffffffff

Linker script and memory map

                0x0000000000400000                __heap_start = 0x400000
                0x0000000000100000                __heap_size = 0x100000
                0x0000000000a00000                __stack_top = 0xa00000
                0x0000000000100000                __stack_size = 0x100000
                0x0000000000900000                __stack_start = (__stack_top - __stack_size)

.text           0x0000000000000000     0x3c98
 boot.o(.text)
 .text          0x0000000000000000        0x8 boot.o
                0x0000000000000000                boot
 *(.text)
 .text          0x0000000000000008      0x8dc test.o
                0x0000000000000008                isr
                0x000000000000004c                isr_is_interrupt
                0x00000000000000cc                isr_is_exception
                0x000000000000016c                isr_is_UserSoftwareInterrupt
                0x0000000000000190                isr_is_SupervisorSoftwareInterrupt
                0x00000000000001b4                isr_is_MachineSoftwareInterrupt
                0x00000000000001d8                isr_is_UserTimerInterrupt
                0x00000000000001fc                isr_is_SupervisorTimerInterrupt
                0x0000000000000220                isr_is_MachineTimerInterrupt
                0x000000000000025c                isr_is_UserExternalInterrupt
                0x0000000000000280                isr_is_SupaervisorExternalInterrupt
                0x00000000000002a4                isr_is_MachineExternalInterrupt
                0x00000000000002c8                isr_is_UnknownInterrupt
                0x00000000000002ec                isr_is_InstructionAddressMisaligned
                0x0000000000000310                isr_is_InstructionAccessFault
                0x0000000000000334                isr_is_IllegalInstruction
                0x0000000000000358                isr_is_Breakpoint
                0x000000000000037c                isr_is_LoadAddressMisaligned
                0x00000000000003a0                isr_is_LoadAccessFault
                0x00000000000003c4                isr_is_StoreAmoAddressMisaligned
                0x00000000000003e8                isr_is_StoreAmoAccessFault
                0x000000000000040c                isr_is_EnvironmentCallFromUmode
                0x0000000000000430                isr_is_EnvironmentCallFromSmode
                0x0000000000000454                isr_is_EnvironmentCallFromMmode
                0x0000000000000478                isr_is_InstructionPageFault
                0x000000000000049c                isr_is_LoadPageFault
                0x00000000000004c0                isr_is_StoreAmoPageFault
                0x00000000000004e4                isr_is_UnknownException
                0x0000000000000508                install_isr
                0x0000000000000538                set_timer_period
                0x0000000000000588                enable_core_timer
                0x0000000000000598                main
                0x00000000000006e0                malloc_test
                0x0000000000000870                timer_isr_test
 .text          0x00000000000008e4      0x848 ../../sw/elibc/stdio.o
                0x00000000000008e4                getchar
                0x0000000000000904                fgets
                0x00000000000009d4                putchar
                0x0000000000000a04                fputs
                0x0000000000000a80                putd
                0x0000000000000b6c                putx
                0x0000000000000c90                putf
                0x0000000000000e8c                printf
 .text          0x000000000000112c      0x2c0 ../../sw/elibc/stdlib.o
                0x000000000000112c                malloc
                0x0000000000001154                free
                0x0000000000001178                calloc
                0x00000000000011d0                atoi
                0x0000000000001308                abs
                0x0000000000001340                exit
                0x0000000000001384                srand
                0x00000000000013a4                rand
 .text          0x00000000000013ec      0x534 ../../sw/elibc/heap_4.o
                0x00000000000013ec                empty
                0x00000000000013f4                pvPortMalloc
                0x00000000000015cc                vPortFree
                0x0000000000001680                xPortGetFreeHeapSize
                0x0000000000001690                xPortGetMinimumEverFreeHeapSize
                0x00000000000016a0                vPortInitialiseBlocks
 .text          0x0000000000001920      0x54c ../../sw/elibc/string.o
                0x0000000000001920                memcpy
                0x0000000000001990                memmove
                0x0000000000001a68                memset
                0x0000000000001ac8                strlen
                0x0000000000001b08                strcpy
                0x0000000000001b64                strncpy
                0x0000000000001bf4                strcat
                0x0000000000001c6c                strncat
                0x0000000000001cfc                strcmp
                0x0000000000001da8                strncmp
 .text          0x0000000000001e6c       0x94 ../../sw/elibc/time.o
                0x0000000000001e6c                clock
 .text          0x0000000000001f00       0xa0 ../../sw/elibc/uart.o
                0x0000000000001f00                inbyte
                0x0000000000001f2c                outbyte
 .text          0x0000000000001fa0      0x480 /home/twccyoyo/riscv/riscv-gnu-toolchain//lib/gcc/riscv32-unknown-elf/8.2.0/libgcc.a(_divdi3.o)
                0x0000000000001fa0                __divdi3
 .text          0x0000000000002420      0x7bc /home/twccyoyo/riscv/riscv-gnu-toolchain//lib/gcc/riscv32-unknown-elf/8.2.0/libgcc.a(adddf3.o)
                0x0000000000002420                __adddf3
 .text          0x0000000000002bdc       0xe4 /home/twccyoyo/riscv/riscv-gnu-toolchain//lib/gcc/riscv32-unknown-elf/8.2.0/libgcc.a(ledf2.o)
                0x0000000000002bdc                __ltdf2
                0x0000000000002bdc                __ledf2
 .text          0x0000000000002cc0      0x5c4 /home/twccyoyo/riscv/riscv-gnu-toolchain//lib/gcc/riscv32-unknown-elf/8.2.0/libgcc.a(muldf3.o)
                0x0000000000002cc0                __muldf3
 .text          0x0000000000003284      0x7c8 /home/twccyoyo/riscv/riscv-gnu-toolchain//lib/gcc/riscv32-unknown-elf/8.2.0/libgcc.a(subdf3.o)
                0x0000000000003284                __subdf3
 .text          0x0000000000003a4c       0x80 /home/twccyoyo/riscv/riscv-gnu-toolchain//lib/gcc/riscv32-unknown-elf/8.2.0/libgcc.a(fixdfsi.o)
                0x0000000000003a4c                __fixdfsi
 .text          0x0000000000003acc       0xa8 /home/twccyoyo/riscv/riscv-gnu-toolchain//lib/gcc/riscv32-unknown-elf/8.2.0/libgcc.a(floatsidf.o)
                0x0000000000003acc                __floatsidf
 .text          0x0000000000003b74       0xd8 /home/twccyoyo/riscv/riscv-gnu-toolchain//lib/gcc/riscv32-unknown-elf/8.2.0/libgcc.a(extendsfdf2.o)
                0x0000000000003b74                __extendsfdf2
 .text          0x0000000000003c4c        0x0 /home/twccyoyo/riscv/riscv-gnu-toolchain//lib/gcc/riscv32-unknown-elf/8.2.0/libgcc.a(_clz.o)
 .text          0x0000000000003c4c       0x4c /home/twccyoyo/riscv/riscv-gnu-toolchain//lib/gcc/riscv32-unknown-elf/8.2.0/libgcc.a(_clzsi2.o)
                0x0000000000003c4c                __clzsi2

.srodata        0x0000000000003c98        0x4
 .srodata       0x0000000000003c98        0x4 ../../sw/elibc/heap_4.o

.eh_frame       0x0000000000003c9c       0x28
 .eh_frame      0x0000000000003c9c       0x28 /home/twccyoyo/riscv/riscv-gnu-toolchain//lib/gcc/riscv32-unknown-elf/8.2.0/libgcc.a(_divdi3.o)

.rela.dyn       0x0000000000003cc4        0x0
 .rela.text     0x0000000000003cc4        0x0 boot.o

.data           0x0000000000020000      0x800
 *(.data)
 .data          0x0000000000020000        0x0 boot.o
 .data          0x0000000000020000        0x0 test.o
 .data          0x0000000000020000        0x0 ../../sw/elibc/stdio.o
 .data          0x0000000000020000        0x0 ../../sw/elibc/stdlib.o
 .data          0x0000000000020000        0x0 ../../sw/elibc/heap_4.o
 .data          0x0000000000020000        0x0 ../../sw/elibc/string.o
 .data          0x0000000000020000        0x0 ../../sw/elibc/time.o
 .data          0x0000000000020000        0x0 ../../sw/elibc/uart.o
 .data          0x0000000000020000        0x0 /home/twccyoyo/riscv/riscv-gnu-toolchain//lib/gcc/riscv32-unknown-elf/8.2.0/libgcc.a(_divdi3.o)
 .data          0x0000000000020000        0x0 /home/twccyoyo/riscv/riscv-gnu-toolchain//lib/gcc/riscv32-unknown-elf/8.2.0/libgcc.a(adddf3.o)
 .data          0x0000000000020000        0x0 /home/twccyoyo/riscv/riscv-gnu-toolchain//lib/gcc/riscv32-unknown-elf/8.2.0/libgcc.a(ledf2.o)
 .data          0x0000000000020000        0x0 /home/twccyoyo/riscv/riscv-gnu-toolchain//lib/gcc/riscv32-unknown-elf/8.2.0/libgcc.a(muldf3.o)
 .data          0x0000000000020000        0x0 /home/twccyoyo/riscv/riscv-gnu-toolchain//lib/gcc/riscv32-unknown-elf/8.2.0/libgcc.a(subdf3.o)
 .data          0x0000000000020000        0x0 /home/twccyoyo/riscv/riscv-gnu-toolchain//lib/gcc/riscv32-unknown-elf/8.2.0/libgcc.a(fixdfsi.o)
 .data          0x0000000000020000        0x0 /home/twccyoyo/riscv/riscv-gnu-toolchain//lib/gcc/riscv32-unknown-elf/8.2.0/libgcc.a(floatsidf.o)
 .data          0x0000000000020000        0x0 /home/twccyoyo/riscv/riscv-gnu-toolchain//lib/gcc/riscv32-unknown-elf/8.2.0/libgcc.a(extendsfdf2.o)
 .data          0x0000000000020000        0x0 /home/twccyoyo/riscv/riscv-gnu-toolchain//lib/gcc/riscv32-unknown-elf/8.2.0/libgcc.a(_clz.o)
 .data          0x0000000000020000        0x0 /home/twccyoyo/riscv/riscv-gnu-toolchain//lib/gcc/riscv32-unknown-elf/8.2.0/libgcc.a(_clzsi2.o)
 *(.bss)
 .bss           0x0000000000020000        0x0 boot.o
 .bss           0x0000000000020000        0x0 test.o
 .bss           0x0000000000020000        0x8 ../../sw/elibc/stdio.o
 .bss           0x0000000000020008        0x0 ../../sw/elibc/stdlib.o
 .bss           0x0000000000020008       0x1c ../../sw/elibc/heap_4.o
 .bss           0x0000000000020024        0x0 ../../sw/elibc/string.o
 .bss           0x0000000000020024        0x0 ../../sw/elibc/time.o
 .bss           0x0000000000020024        0x0 ../../sw/elibc/uart.o
 .bss           0x0000000000020024        0x0 /home/twccyoyo/riscv/riscv-gnu-toolchain//lib/gcc/riscv32-unknown-elf/8.2.0/libgcc.a(_divdi3.o)
 .bss           0x0000000000020024        0x0 /home/twccyoyo/riscv/riscv-gnu-toolchain//lib/gcc/riscv32-unknown-elf/8.2.0/libgcc.a(adddf3.o)
 .bss           0x0000000000020024        0x0 /home/twccyoyo/riscv/riscv-gnu-toolchain//lib/gcc/riscv32-unknown-elf/8.2.0/libgcc.a(ledf2.o)
 .bss           0x0000000000020024        0x0 /home/twccyoyo/riscv/riscv-gnu-toolchain//lib/gcc/riscv32-unknown-elf/8.2.0/libgcc.a(muldf3.o)
 .bss           0x0000000000020024        0x0 /home/twccyoyo/riscv/riscv-gnu-toolchain//lib/gcc/riscv32-unknown-elf/8.2.0/libgcc.a(subdf3.o)
 .bss           0x0000000000020024        0x0 /home/twccyoyo/riscv/riscv-gnu-toolchain//lib/gcc/riscv32-unknown-elf/8.2.0/libgcc.a(fixdfsi.o)
 .bss           0x0000000000020024        0x0 /home/twccyoyo/riscv/riscv-gnu-toolchain//lib/gcc/riscv32-unknown-elf/8.2.0/libgcc.a(floatsidf.o)
 .bss           0x0000000000020024        0x0 /home/twccyoyo/riscv/riscv-gnu-toolchain//lib/gcc/riscv32-unknown-elf/8.2.0/libgcc.a(extendsfdf2.o)
 .bss           0x0000000000020024        0x0 /home/twccyoyo/riscv/riscv-gnu-toolchain//lib/gcc/riscv32-unknown-elf/8.2.0/libgcc.a(_clz.o)
 .bss           0x0000000000020024        0x0 /home/twccyoyo/riscv/riscv-gnu-toolchain//lib/gcc/riscv32-unknown-elf/8.2.0/libgcc.a(_clzsi2.o)
 *(.rodata*)
 .rodata        0x0000000000020024      0x4c0 test.o
 *fill*         0x00000000000204e4        0x4 
 .rodata        0x00000000000204e8      0x110 ../../sw/elibc/stdio.o
 .rodata        0x00000000000205f8       0xcc ../../sw/elibc/stdlib.o
 .rodata        0x00000000000206c4       0x3c /home/twccyoyo/riscv/riscv-gnu-toolchain//lib/gcc/riscv32-unknown-elf/8.2.0/libgcc.a(muldf3.o)
 .rodata        0x0000000000020700      0x100 /home/twccyoyo/riscv/riscv-gnu-toolchain//lib/gcc/riscv32-unknown-elf/8.2.0/libgcc.a(_clz.o)
                0x0000000000020700                __clz_tab

.sdata          0x0000000000020800       0x20
 .sdata         0x0000000000020800       0x1c ../../sw/elibc/stdio.o
                0x0000000000020810                stdin
                0x0000000000020814                stdout
                0x0000000000020818                stderr
 .sdata         0x000000000002081c        0x4 ../../sw/elibc/stdlib.o

.heap           0x0000000000400000   0x100000
                0x0000000000400000                . = ALIGN (0x4)
                [!provide]                        PROVIDE (end = .)
                0x0000000000400000                _sheap = .
                0x0000000000500000                . = (. + __heap_size)
 *fill*         0x0000000000400000   0x100000 
                0x0000000000500000                . = ALIGN (0x4)
                0x0000000000500000                _eheap = .

.stack          0x0000000000900000   0x100000
                0x0000000000900000                . = ALIGN (0x4)
                0x0000000000900000                _estack = .
                0x0000000000a00000                . = (. + __stack_size)
 *fill*         0x0000000000900000   0x100000 
                0x0000000000a00000                . = ALIGN (0x4)
                0x0000000000a00000                _sstack = .
LOAD boot.o
LOAD test.o
LOAD ../../sw/elibc/stdio.o
LOAD ../../sw/elibc/stdlib.o
LOAD ../../sw/elibc/heap_4.o
LOAD ../../sw/elibc/string.o
LOAD ../../sw/elibc/time.o
LOAD ../../sw/elibc/uart.o
LOAD /home/twccyoyo/riscv/riscv-gnu-toolchain//lib/gcc/riscv32-unknown-elf/8.2.0/libgcc.a
OUTPUT(_test.o elf32-littleriscv)

.comment        0x0000000000000000       0x22
 .comment       0x0000000000000000       0x11 boot.o
                                         0x12 (size before relaxing)
 .comment       0x0000000000000011       0x11 test.o
                                         0x12 (size before relaxing)
 .comment       0x0000000000000022       0x12 ../../sw/elibc/stdio.o
 .comment       0x0000000000000022       0x12 ../../sw/elibc/stdlib.o
 .comment       0x0000000000000022       0x12 ../../sw/elibc/heap_4.o
 .comment       0x0000000000000022       0x12 ../../sw/elibc/string.o
 .comment       0x0000000000000022       0x12 ../../sw/elibc/time.o
 .comment       0x0000000000000022       0x12 ../../sw/elibc/uart.o
 .comment       0x0000000000000022       0x12 /home/twccyoyo/riscv/riscv-gnu-toolchain//lib/gcc/riscv32-unknown-elf/8.2.0/libgcc.a(_divdi3.o)
 .comment       0x0000000000000022       0x12 /home/twccyoyo/riscv/riscv-gnu-toolchain//lib/gcc/riscv32-unknown-elf/8.2.0/libgcc.a(adddf3.o)
 .comment       0x0000000000000022       0x12 /home/twccyoyo/riscv/riscv-gnu-toolchain//lib/gcc/riscv32-unknown-elf/8.2.0/libgcc.a(ledf2.o)
 .comment       0x0000000000000022       0x12 /home/twccyoyo/riscv/riscv-gnu-toolchain//lib/gcc/riscv32-unknown-elf/8.2.0/libgcc.a(muldf3.o)
 .comment       0x0000000000000022       0x12 /home/twccyoyo/riscv/riscv-gnu-toolchain//lib/gcc/riscv32-unknown-elf/8.2.0/libgcc.a(subdf3.o)
 .comment       0x0000000000000022       0x12 /home/twccyoyo/riscv/riscv-gnu-toolchain//lib/gcc/riscv32-unknown-elf/8.2.0/libgcc.a(fixdfsi.o)
 .comment       0x0000000000000022       0x12 /home/twccyoyo/riscv/riscv-gnu-toolchain//lib/gcc/riscv32-unknown-elf/8.2.0/libgcc.a(floatsidf.o)
 .comment       0x0000000000000022       0x12 /home/twccyoyo/riscv/riscv-gnu-toolchain//lib/gcc/riscv32-unknown-elf/8.2.0/libgcc.a(extendsfdf2.o)
 .comment       0x0000000000000022       0x12 /home/twccyoyo/riscv/riscv-gnu-toolchain//lib/gcc/riscv32-unknown-elf/8.2.0/libgcc.a(_clz.o)
 .comment       0x0000000000000022       0x12 /home/twccyoyo/riscv/riscv-gnu-toolchain//lib/gcc/riscv32-unknown-elf/8.2.0/libgcc.a(_clzsi2.o)

.riscv.attributes
                0x0000000000000000       0x21
 .riscv.attributes
                0x0000000000000000       0x1f boot.o
 .riscv.attributes
                0x000000000000001f       0x21 test.o
 .riscv.attributes
                0x0000000000000040       0x21 ../../sw/elibc/stdio.o
 .riscv.attributes
                0x0000000000000061       0x21 ../../sw/elibc/stdlib.o
 .riscv.attributes
                0x0000000000000082       0x21 ../../sw/elibc/heap_4.o
 .riscv.attributes
                0x00000000000000a3       0x21 ../../sw/elibc/string.o
 .riscv.attributes
                0x00000000000000c4       0x21 ../../sw/elibc/time.o
 .riscv.attributes
                0x00000000000000e5       0x21 ../../sw/elibc/uart.o
 .riscv.attributes
                0x0000000000000106       0x21 /home/twccyoyo/riscv/riscv-gnu-toolchain//lib/gcc/riscv32-unknown-elf/8.2.0/libgcc.a(_divdi3.o)
 .riscv.attributes
                0x0000000000000127       0x21 /home/twccyoyo/riscv/riscv-gnu-toolchain//lib/gcc/riscv32-unknown-elf/8.2.0/libgcc.a(adddf3.o)
 .riscv.attributes
                0x0000000000000148       0x21 /home/twccyoyo/riscv/riscv-gnu-toolchain//lib/gcc/riscv32-unknown-elf/8.2.0/libgcc.a(ledf2.o)
 .riscv.attributes
                0x0000000000000169       0x21 /home/twccyoyo/riscv/riscv-gnu-toolchain//lib/gcc/riscv32-unknown-elf/8.2.0/libgcc.a(muldf3.o)
 .riscv.attributes
                0x000000000000018a       0x21 /home/twccyoyo/riscv/riscv-gnu-toolchain//lib/gcc/riscv32-unknown-elf/8.2.0/libgcc.a(subdf3.o)
 .riscv.attributes
                0x00000000000001ab       0x21 /home/twccyoyo/riscv/riscv-gnu-toolchain//lib/gcc/riscv32-unknown-elf/8.2.0/libgcc.a(fixdfsi.o)
 .riscv.attributes
                0x00000000000001cc       0x21 /home/twccyoyo/riscv/riscv-gnu-toolchain//lib/gcc/riscv32-unknown-elf/8.2.0/libgcc.a(floatsidf.o)
 .riscv.attributes
                0x00000000000001ed       0x21 /home/twccyoyo/riscv/riscv-gnu-toolchain//lib/gcc/riscv32-unknown-elf/8.2.0/libgcc.a(extendsfdf2.o)
 .riscv.attributes
                0x000000000000020e       0x21 /home/twccyoyo/riscv/riscv-gnu-toolchain//lib/gcc/riscv32-unknown-elf/8.2.0/libgcc.a(_clz.o)
 .riscv.attributes
                0x000000000000022f       0x21 /home/twccyoyo/riscv/riscv-gnu-toolchain//lib/gcc/riscv32-unknown-elf/8.2.0/libgcc.a(_clzsi2.o)

.bss            0x0000000000020820        0x4
 COMMON         0x0000000000020820        0x4 test.o
                0x0000000000020820                got_timmer_isr

.debug_info     0x0000000000000000     0x4652
 .debug_info    0x0000000000000000     0x127b /home/twccyoyo/riscv/riscv-gnu-toolchain//lib/gcc/riscv32-unknown-elf/8.2.0/libgcc.a(_divdi3.o)
 .debug_info    0x000000000000127b      0x599 /home/twccyoyo/riscv/riscv-gnu-toolchain//lib/gcc/riscv32-unknown-elf/8.2.0/libgcc.a(adddf3.o)
 .debug_info    0x0000000000001814      0x286 /home/twccyoyo/riscv/riscv-gnu-toolchain//lib/gcc/riscv32-unknown-elf/8.2.0/libgcc.a(ledf2.o)
 .debug_info    0x0000000000001a9a      0x75c /home/twccyoyo/riscv/riscv-gnu-toolchain//lib/gcc/riscv32-unknown-elf/8.2.0/libgcc.a(muldf3.o)
 .debug_info    0x00000000000021f6      0x599 /home/twccyoyo/riscv/riscv-gnu-toolchain//lib/gcc/riscv32-unknown-elf/8.2.0/libgcc.a(subdf3.o)
 .debug_info    0x000000000000278f      0x21a /home/twccyoyo/riscv/riscv-gnu-toolchain//lib/gcc/riscv32-unknown-elf/8.2.0/libgcc.a(fixdfsi.o)
 .debug_info    0x00000000000029a9      0x2bc /home/twccyoyo/riscv/riscv-gnu-toolchain//lib/gcc/riscv32-unknown-elf/8.2.0/libgcc.a(floatsidf.o)
 .debug_info    0x0000000000002c65      0x2ac /home/twccyoyo/riscv/riscv-gnu-toolchain//lib/gcc/riscv32-unknown-elf/8.2.0/libgcc.a(extendsfdf2.o)
 .debug_info    0x0000000000002f11      0xb6a /home/twccyoyo/riscv/riscv-gnu-toolchain//lib/gcc/riscv32-unknown-elf/8.2.0/libgcc.a(_clz.o)
 .debug_info    0x0000000000003a7b      0xbd7 /home/twccyoyo/riscv/riscv-gnu-toolchain//lib/gcc/riscv32-unknown-elf/8.2.0/libgcc.a(_clzsi2.o)

.debug_abbrev   0x0000000000000000     0x11de
 .debug_abbrev  0x0000000000000000      0x2e4 /home/twccyoyo/riscv/riscv-gnu-toolchain//lib/gcc/riscv32-unknown-elf/8.2.0/libgcc.a(_divdi3.o)
 .debug_abbrev  0x00000000000002e4      0x196 /home/twccyoyo/riscv/riscv-gnu-toolchain//lib/gcc/riscv32-unknown-elf/8.2.0/libgcc.a(adddf3.o)
 .debug_abbrev  0x000000000000047a      0x199 /home/twccyoyo/riscv/riscv-gnu-toolchain//lib/gcc/riscv32-unknown-elf/8.2.0/libgcc.a(ledf2.o)
 .debug_abbrev  0x0000000000000613      0x18e /home/twccyoyo/riscv/riscv-gnu-toolchain//lib/gcc/riscv32-unknown-elf/8.2.0/libgcc.a(muldf3.o)
 .debug_abbrev  0x00000000000007a1      0x196 /home/twccyoyo/riscv/riscv-gnu-toolchain//lib/gcc/riscv32-unknown-elf/8.2.0/libgcc.a(subdf3.o)
 .debug_abbrev  0x0000000000000937      0x18a /home/twccyoyo/riscv/riscv-gnu-toolchain//lib/gcc/riscv32-unknown-elf/8.2.0/libgcc.a(fixdfsi.o)
 .debug_abbrev  0x0000000000000ac1      0x178 /home/twccyoyo/riscv/riscv-gnu-toolchain//lib/gcc/riscv32-unknown-elf/8.2.0/libgcc.a(floatsidf.o)
 .debug_abbrev  0x0000000000000c39      0x17b /home/twccyoyo/riscv/riscv-gnu-toolchain//lib/gcc/riscv32-unknown-elf/8.2.0/libgcc.a(extendsfdf2.o)
 .debug_abbrev  0x0000000000000db4      0x1e8 /home/twccyoyo/riscv/riscv-gnu-toolchain//lib/gcc/riscv32-unknown-elf/8.2.0/libgcc.a(_clz.o)
 .debug_abbrev  0x0000000000000f9c      0x242 /home/twccyoyo/riscv/riscv-gnu-toolchain//lib/gcc/riscv32-unknown-elf/8.2.0/libgcc.a(_clzsi2.o)

.debug_loc      0x0000000000000000     0x4189
 .debug_loc     0x0000000000000000      0xa0c /home/twccyoyo/riscv/riscv-gnu-toolchain//lib/gcc/riscv32-unknown-elf/8.2.0/libgcc.a(_divdi3.o)
 .debug_loc     0x0000000000000a0c     0x119d /home/twccyoyo/riscv/riscv-gnu-toolchain//lib/gcc/riscv32-unknown-elf/8.2.0/libgcc.a(adddf3.o)
 .debug_loc     0x0000000000001ba9      0x135 /home/twccyoyo/riscv/riscv-gnu-toolchain//lib/gcc/riscv32-unknown-elf/8.2.0/libgcc.a(ledf2.o)
 .debug_loc     0x0000000000001cde      0xd9a /home/twccyoyo/riscv/riscv-gnu-toolchain//lib/gcc/riscv32-unknown-elf/8.2.0/libgcc.a(muldf3.o)
 .debug_loc     0x0000000000002a78     0x1208 /home/twccyoyo/riscv/riscv-gnu-toolchain//lib/gcc/riscv32-unknown-elf/8.2.0/libgcc.a(subdf3.o)
 .debug_loc     0x0000000000003c80      0x181 /home/twccyoyo/riscv/riscv-gnu-toolchain//lib/gcc/riscv32-unknown-elf/8.2.0/libgcc.a(fixdfsi.o)
 .debug_loc     0x0000000000003e01      0x159 /home/twccyoyo/riscv/riscv-gnu-toolchain//lib/gcc/riscv32-unknown-elf/8.2.0/libgcc.a(floatsidf.o)
 .debug_loc     0x0000000000003f5a      0x1c4 /home/twccyoyo/riscv/riscv-gnu-toolchain//lib/gcc/riscv32-unknown-elf/8.2.0/libgcc.a(extendsfdf2.o)
 .debug_loc     0x000000000000411e       0x6b /home/twccyoyo/riscv/riscv-gnu-toolchain//lib/gcc/riscv32-unknown-elf/8.2.0/libgcc.a(_clzsi2.o)

.debug_aranges  0x0000000000000000      0x138
 .debug_aranges
                0x0000000000000000       0x20 /home/twccyoyo/riscv/riscv-gnu-toolchain//lib/gcc/riscv32-unknown-elf/8.2.0/libgcc.a(_divdi3.o)
 .debug_aranges
                0x0000000000000020       0x20 /home/twccyoyo/riscv/riscv-gnu-toolchain//lib/gcc/riscv32-unknown-elf/8.2.0/libgcc.a(adddf3.o)
 .debug_aranges
                0x0000000000000040       0x20 /home/twccyoyo/riscv/riscv-gnu-toolchain//lib/gcc/riscv32-unknown-elf/8.2.0/libgcc.a(ledf2.o)
 .debug_aranges
                0x0000000000000060       0x20 /home/twccyoyo/riscv/riscv-gnu-toolchain//lib/gcc/riscv32-unknown-elf/8.2.0/libgcc.a(muldf3.o)
 .debug_aranges
                0x0000000000000080       0x20 /home/twccyoyo/riscv/riscv-gnu-toolchain//lib/gcc/riscv32-unknown-elf/8.2.0/libgcc.a(subdf3.o)
 .debug_aranges
                0x00000000000000a0       0x20 /home/twccyoyo/riscv/riscv-gnu-toolchain//lib/gcc/riscv32-unknown-elf/8.2.0/libgcc.a(fixdfsi.o)
 .debug_aranges
                0x00000000000000c0       0x20 /home/twccyoyo/riscv/riscv-gnu-toolchain//lib/gcc/riscv32-unknown-elf/8.2.0/libgcc.a(floatsidf.o)
 .debug_aranges
                0x00000000000000e0       0x20 /home/twccyoyo/riscv/riscv-gnu-toolchain//lib/gcc/riscv32-unknown-elf/8.2.0/libgcc.a(extendsfdf2.o)
 .debug_aranges
                0x0000000000000100       0x18 /home/twccyoyo/riscv/riscv-gnu-toolchain//lib/gcc/riscv32-unknown-elf/8.2.0/libgcc.a(_clz.o)
 .debug_aranges
                0x0000000000000118       0x20 /home/twccyoyo/riscv/riscv-gnu-toolchain//lib/gcc/riscv32-unknown-elf/8.2.0/libgcc.a(_clzsi2.o)

.debug_ranges   0x0000000000000000      0x898
 .debug_ranges  0x0000000000000000       0xf8 /home/twccyoyo/riscv/riscv-gnu-toolchain//lib/gcc/riscv32-unknown-elf/8.2.0/libgcc.a(_divdi3.o)
 .debug_ranges  0x00000000000000f8      0x228 /home/twccyoyo/riscv/riscv-gnu-toolchain//lib/gcc/riscv32-unknown-elf/8.2.0/libgcc.a(adddf3.o)
 .debug_ranges  0x0000000000000320       0x50 /home/twccyoyo/riscv/riscv-gnu-toolchain//lib/gcc/riscv32-unknown-elf/8.2.0/libgcc.a(ledf2.o)
 .debug_ranges  0x0000000000000370      0x230 /home/twccyoyo/riscv/riscv-gnu-toolchain//lib/gcc/riscv32-unknown-elf/8.2.0/libgcc.a(muldf3.o)
 .debug_ranges  0x00000000000005a0      0x220 /home/twccyoyo/riscv/riscv-gnu-toolchain//lib/gcc/riscv32-unknown-elf/8.2.0/libgcc.a(subdf3.o)
 .debug_ranges  0x00000000000007c0       0x18 /home/twccyoyo/riscv/riscv-gnu-toolchain//lib/gcc/riscv32-unknown-elf/8.2.0/libgcc.a(fixdfsi.o)
 .debug_ranges  0x00000000000007d8       0x68 /home/twccyoyo/riscv/riscv-gnu-toolchain//lib/gcc/riscv32-unknown-elf/8.2.0/libgcc.a(floatsidf.o)
 .debug_ranges  0x0000000000000840       0x38 /home/twccyoyo/riscv/riscv-gnu-toolchain//lib/gcc/riscv32-unknown-elf/8.2.0/libgcc.a(extendsfdf2.o)
 .debug_ranges  0x0000000000000878       0x20 /home/twccyoyo/riscv/riscv-gnu-toolchain//lib/gcc/riscv32-unknown-elf/8.2.0/libgcc.a(_clzsi2.o)

.debug_line     0x0000000000000000     0x4916
 .debug_line    0x0000000000000000      0x9d1 /home/twccyoyo/riscv/riscv-gnu-toolchain//lib/gcc/riscv32-unknown-elf/8.2.0/libgcc.a(_divdi3.o)
 .debug_line    0x00000000000009d1     0x1043 /home/twccyoyo/riscv/riscv-gnu-toolchain//lib/gcc/riscv32-unknown-elf/8.2.0/libgcc.a(adddf3.o)
 .debug_line    0x0000000000001a14      0x321 /home/twccyoyo/riscv/riscv-gnu-toolchain//lib/gcc/riscv32-unknown-elf/8.2.0/libgcc.a(ledf2.o)
 .debug_line    0x0000000000001d35      0xdd4 /home/twccyoyo/riscv/riscv-gnu-toolchain//lib/gcc/riscv32-unknown-elf/8.2.0/libgcc.a(muldf3.o)
 .debug_line    0x0000000000002b09     0x10a2 /home/twccyoyo/riscv/riscv-gnu-toolchain//lib/gcc/riscv32-unknown-elf/8.2.0/libgcc.a(subdf3.o)
 .debug_line    0x0000000000003bab      0x243 /home/twccyoyo/riscv/riscv-gnu-toolchain//lib/gcc/riscv32-unknown-elf/8.2.0/libgcc.a(fixdfsi.o)
 .debug_line    0x0000000000003dee      0x27d /home/twccyoyo/riscv/riscv-gnu-toolchain//lib/gcc/riscv32-unknown-elf/8.2.0/libgcc.a(floatsidf.o)
 .debug_line    0x000000000000406b      0x3d7 /home/twccyoyo/riscv/riscv-gnu-toolchain//lib/gcc/riscv32-unknown-elf/8.2.0/libgcc.a(extendsfdf2.o)
 .debug_line    0x0000000000004442      0x224 /home/twccyoyo/riscv/riscv-gnu-toolchain//lib/gcc/riscv32-unknown-elf/8.2.0/libgcc.a(_clz.o)
 .debug_line    0x0000000000004666      0x2b0 /home/twccyoyo/riscv/riscv-gnu-toolchain//lib/gcc/riscv32-unknown-elf/8.2.0/libgcc.a(_clzsi2.o)

.debug_str      0x0000000000000000      0xe07
 .debug_str     0x0000000000000000      0x7e5 /home/twccyoyo/riscv/riscv-gnu-toolchain//lib/gcc/riscv32-unknown-elf/8.2.0/libgcc.a(_divdi3.o)
                                        0x865 (size before relaxing)
 .debug_str     0x00000000000007e5      0x230 /home/twccyoyo/riscv/riscv-gnu-toolchain//lib/gcc/riscv32-unknown-elf/8.2.0/libgcc.a(adddf3.o)
                                        0x32c (size before relaxing)
 .debug_str     0x0000000000000a15       0x77 /home/twccyoyo/riscv/riscv-gnu-toolchain//lib/gcc/riscv32-unknown-elf/8.2.0/libgcc.a(ledf2.o)
                                        0x26a (size before relaxing)
 .debug_str     0x0000000000000a8c      0x20e /home/twccyoyo/riscv/riscv-gnu-toolchain//lib/gcc/riscv32-unknown-elf/8.2.0/libgcc.a(muldf3.o)
                                        0x446 (size before relaxing)
 .debug_str     0x0000000000000c9a       0x36 /home/twccyoyo/riscv/riscv-gnu-toolchain//lib/gcc/riscv32-unknown-elf/8.2.0/libgcc.a(subdf3.o)
                                        0x32c (size before relaxing)
 .debug_str     0x0000000000000cd0       0x4b /home/twccyoyo/riscv/riscv-gnu-toolchain//lib/gcc/riscv32-unknown-elf/8.2.0/libgcc.a(fixdfsi.o)
                                        0x243 (size before relaxing)
 .debug_str     0x0000000000000d1b       0x69 /home/twccyoyo/riscv/riscv-gnu-toolchain//lib/gcc/riscv32-unknown-elf/8.2.0/libgcc.a(floatsidf.o)
                                        0x2d9 (size before relaxing)
 .debug_str     0x0000000000000d84       0x7a /home/twccyoyo/riscv/riscv-gnu-toolchain//lib/gcc/riscv32-unknown-elf/8.2.0/libgcc.a(extendsfdf2.o)
                                        0x267 (size before relaxing)
 .debug_str     0x0000000000000dfe      0x7ad /home/twccyoyo/riscv/riscv-gnu-toolchain//lib/gcc/riscv32-unknown-elf/8.2.0/libgcc.a(_clz.o)
 .debug_str     0x0000000000000dfe        0x9 /home/twccyoyo/riscv/riscv-gnu-toolchain//lib/gcc/riscv32-unknown-elf/8.2.0/libgcc.a(_clzsi2.o)
                                        0x7ca (size before relaxing)

.debug_frame    0x0000000000000000      0x1ac
 .debug_frame   0x0000000000000000       0x44 /home/twccyoyo/riscv/riscv-gnu-toolchain//lib/gcc/riscv32-unknown-elf/8.2.0/libgcc.a(adddf3.o)
 .debug_frame   0x0000000000000044       0x20 /home/twccyoyo/riscv/riscv-gnu-toolchain//lib/gcc/riscv32-unknown-elf/8.2.0/libgcc.a(ledf2.o)
 .debug_frame   0x0000000000000064       0x54 /home/twccyoyo/riscv/riscv-gnu-toolchain//lib/gcc/riscv32-unknown-elf/8.2.0/libgcc.a(muldf3.o)
 .debug_frame   0x00000000000000b8       0x44 /home/twccyoyo/riscv/riscv-gnu-toolchain//lib/gcc/riscv32-unknown-elf/8.2.0/libgcc.a(subdf3.o)
 .debug_frame   0x00000000000000fc       0x20 /home/twccyoyo/riscv/riscv-gnu-toolchain//lib/gcc/riscv32-unknown-elf/8.2.0/libgcc.a(fixdfsi.o)
 .debug_frame   0x000000000000011c       0x38 /home/twccyoyo/riscv/riscv-gnu-toolchain//lib/gcc/riscv32-unknown-elf/8.2.0/libgcc.a(floatsidf.o)
 .debug_frame   0x0000000000000154       0x38 /home/twccyoyo/riscv/riscv-gnu-toolchain//lib/gcc/riscv32-unknown-elf/8.2.0/libgcc.a(extendsfdf2.o)
 .debug_frame   0x000000000000018c       0x20 /home/twccyoyo/riscv/riscv-gnu-toolchain//lib/gcc/riscv32-unknown-elf/8.2.0/libgcc.a(_clzsi2.o)
