Archive member included to satisfy reference by file (symbol)

/home/twccyoyo/riscv/riscv-gnu-toolchain//lib/gcc/riscv32-unknown-elf/8.2.0/libgcc.a(_divdi3.o)
                              ../../sw/elibc/time.o (__divdi3)
/home/twccyoyo/riscv/riscv-gnu-toolchain//lib/gcc/riscv32-unknown-elf/8.2.0/libgcc.a(_umoddi3.o)
                              v/vm.o (__umoddi3)
/home/twccyoyo/riscv/riscv-gnu-toolchain//lib/gcc/riscv32-unknown-elf/8.2.0/libgcc.a(adddf3.o)
                              ../../sw/elibc/stdio.o (__adddf3)
/home/twccyoyo/riscv/riscv-gnu-toolchain//lib/gcc/riscv32-unknown-elf/8.2.0/libgcc.a(ledf2.o)
                              ../../sw/elibc/stdio.o (__ltdf2)
/home/twccyoyo/riscv/riscv-gnu-toolchain//lib/gcc/riscv32-unknown-elf/8.2.0/libgcc.a(muldf3.o)
                              ../../sw/elibc/stdio.o (__muldf3)
/home/twccyoyo/riscv/riscv-gnu-toolchain//lib/gcc/riscv32-unknown-elf/8.2.0/libgcc.a(subdf3.o)
                              ../../sw/elibc/stdio.o (__subdf3)
/home/twccyoyo/riscv/riscv-gnu-toolchain//lib/gcc/riscv32-unknown-elf/8.2.0/libgcc.a(fixdfsi.o)
                              ../../sw/elibc/stdio.o (__fixdfsi)
/home/twccyoyo/riscv/riscv-gnu-toolchain//lib/gcc/riscv32-unknown-elf/8.2.0/libgcc.a(floatsidf.o)
                              ../../sw/elibc/stdio.o (__floatsidf)
/home/twccyoyo/riscv/riscv-gnu-toolchain//lib/gcc/riscv32-unknown-elf/8.2.0/libgcc.a(_clz.o)
                              /home/twccyoyo/riscv/riscv-gnu-toolchain//lib/gcc/riscv32-unknown-elf/8.2.0/libgcc.a(_divdi3.o) (__clz_tab)
/home/twccyoyo/riscv/riscv-gnu-toolchain//lib/gcc/riscv32-unknown-elf/8.2.0/libgcc.a(_clzsi2.o)
                              /home/twccyoyo/riscv/riscv-gnu-toolchain//lib/gcc/riscv32-unknown-elf/8.2.0/libgcc.a(adddf3.o) (__clzsi2)

Allocating common symbols
Common symbol       size              file

pt                  0x2000            v/vm.o
freelist_nodes      0x1f8             v/vm.o
user_mapping        0x1f8             v/vm.o
freelist_tail       0x4               v/vm.o
freelist_head       0x4               v/vm.o
