Archive member included to satisfy reference by file (symbol)

/home/twccyoyo/riscv/riscv-gnu-toolchain/lib/gcc/riscv32-unknown-elf/8.2.0/libgcc.a(_divdi3.o)
                              ../../sw/elibc/time.o (__divdi3)
/home/twccyoyo/riscv/riscv-gnu-toolchain/lib/gcc/riscv32-unknown-elf/8.2.0/libgcc.a(adddf3.o)
                              ../../sw/elibc/stdio.o (__adddf3)
/home/twccyoyo/riscv/riscv-gnu-toolchain/lib/gcc/riscv32-unknown-elf/8.2.0/libgcc.a(ledf2.o)
                              ../../sw/elibc/stdio.o (__ltdf2)
/home/twccyoyo/riscv/riscv-gnu-toolchain/lib/gcc/riscv32-unknown-elf/8.2.0/libgcc.a(muldf3.o)
                              ../../sw/elibc/stdio.o (__muldf3)
/home/twccyoyo/riscv/riscv-gnu-toolchain/lib/gcc/riscv32-unknown-elf/8.2.0/libgcc.a(subdf3.o)
                              ../../sw/elibc/stdio.o (__subdf3)
/home/twccyoyo/riscv/riscv-gnu-toolchain/lib/gcc/riscv32-unknown-elf/8.2.0/libgcc.a(fixdfsi.o)
                              ../../sw/elibc/stdio.o (__fixdfsi)
/home/twccyoyo/riscv/riscv-gnu-toolchain/lib/gcc/riscv32-unknown-elf/8.2.0/libgcc.a(floatsidf.o)
                              ../../sw/elibc/stdio.o (__floatsidf)
/home/twccyoyo/riscv/riscv-gnu-toolchain/lib/gcc/riscv32-unknown-elf/8.2.0/libgcc.a(_clz.o)
                              /home/twccyoyo/riscv/riscv-gnu-toolchain/lib/gcc/riscv32-unknown-elf/8.2.0/libgcc.a(_divdi3.o) (__clz_tab)
/home/twccyoyo/riscv/riscv-gnu-toolchain/lib/gcc/riscv32-unknown-elf/8.2.0/libgcc.a(_clzsi2.o)
                              /home/twccyoyo/riscv/riscv-gnu-toolchain/lib/gcc/riscv32-unknown-elf/8.2.0/libgcc.a(adddf3.o) (__clzsi2)

Allocating common symbols
Common symbol       size              file

User_Time           0x4               test.o
Begin_Time          0x4               test.o
pt                  0x201000          vm.o
End_Time            0x4               test.o
got_timmer_isr      0x4               boot-v.o
sp_store            0x4               boot-v.o

Memory Configuration

Name             Origin             Length             Attributes
code_ram         0x0000000080000000 0x0000000000008000 xr !rw
data_ram         0x000000008000a000 0x0000000000210000 rw !x
heap_ram         0x0000000080220000 0x0000000000001000 rw !x
stack_ram        0x000000008022f000 0x0000000000001000 rw !x
IO               0x00000000c0000000 0x0000000000000010 rw !x
TIMER            0x00000000f0000000 0x0000000000000020 rw !x
*default*        0x0000000000000000 0xffffffffffffffff

Linker script and memory map

                0x0000000080220000                __heap_start = 0x80220000
                0x0000000000001000                __heap_size = 0x1000
                0x0000000080230000                __stack_top = 0x80230000
                0x0000000000001000                __stack_size = 0x1000
                0x000000008022f000                __stack_start = (__stack_top - __stack_size)

.text           0x0000000080000000     0x3fb4
 boot-v.o(.text)
 .text          0x0000000080000000       0x40 boot-v.o
                0x0000000080000000                boot
 *(.text)
 .text          0x0000000080000040      0x264 vm.o
                0x0000000080000040                pop_tf
                0x00000000800000dc                vm_boot
 .text          0x00000000800002a4      0x588 handle_trap.o
                0x00000000800002a4                install_isr
                0x00000000800002bc                isr
                0x00000000800002fc                isr_is_interrupt
                0x0000000080000378                isr_is_exception
                0x0000000080000414                isr_is_UserSoftwareInterrupt
                0x0000000080000438                isr_is_SupervisorSoftwareInterrupt
                0x000000008000045c                isr_is_MachineSoftwareInterrupt
                0x0000000080000480                isr_is_UserTimerInterrupt
                0x00000000800004a4                isr_is_SupervisorTimerInterrupt
                0x00000000800004c8                isr_is_MachineTimerInterrupt
                0x0000000080000504                isr_is_UserExternalInterrupt
                0x0000000080000528                isr_is_SupaervisorExternalInterrupt
                0x000000008000054c                isr_is_MachineExternalInterrupt
                0x0000000080000570                isr_is_UnknownInterrupt
                0x0000000080000594                my_mret
                0x00000000800005d0                isr_is_InstructionAddressMisaligned
                0x00000000800005f4                isr_is_InstructionAccessFault
                0x0000000080000618                isr_is_IllegalInstruction
                0x000000008000063c                isr_is_Breakpoint
                0x0000000080000660                isr_is_LoadAddressMisaligned
                0x0000000080000684                isr_is_LoadAccessFault
                0x00000000800006a8                isr_is_StoreAmoAddressMisaligned
                0x00000000800006cc                isr_is_StoreAmoAccessFault
                0x00000000800006f0                isr_is_EnvironmentCallFromUmode
                0x0000000080000734                isr_is_EnvironmentCallFromSmode
                0x0000000080000778                isr_is_EnvironmentCallFromMmode
                0x000000008000079c                isr_is_InstructionPageFault
                0x00000000800007c0                isr_is_LoadPageFault
                0x00000000800007e4                isr_is_StoreAmoPageFault
                0x0000000080000808                isr_is_UnknownException
 .text          0x000000008000082c      0x4b0 test.o
                0x000000008000082c                main
 .text          0x0000000080000cdc      0x848 ../../sw/elibc/stdio.o
                0x0000000080000cdc                getchar
                0x0000000080000cfc                fgets
                0x0000000080000dcc                putchar
                0x0000000080000dfc                fputs
                0x0000000080000e78                putd
                0x0000000080000f64                putx
                0x0000000080001088                putf
                0x0000000080001284                printf
 .text          0x0000000080001524      0x2c0 ../../sw/elibc/stdlib.o
                0x0000000080001524                malloc
                0x000000008000154c                free
                0x0000000080001570                calloc
                0x00000000800015c8                atoi
                0x0000000080001700                abs
                0x0000000080001738                exit
                0x000000008000177c                srand
                0x000000008000179c                rand
 .text          0x00000000800017e4      0x530 ../../sw/elibc/heap_4.o
                0x00000000800017e4                empty
                0x00000000800017ec                pvPortMalloc
                0x00000000800019c4                vPortFree
                0x0000000080001a78                xPortGetFreeHeapSize
                0x0000000080001a88                xPortGetMinimumEverFreeHeapSize
                0x0000000080001a98                vPortInitialiseBlocks
 .text          0x0000000080001d14      0x54c ../../sw/elibc/string.o
                0x0000000080001d14                memcpy
                0x0000000080001d84                memmove
                0x0000000080001e5c                memset
                0x0000000080001ebc                strlen
                0x0000000080001efc                strcpy
                0x0000000080001f58                strncpy
                0x0000000080001fe8                strcat
                0x0000000080002060                strncat
                0x00000000800020f0                strcmp
                0x000000008000219c                strncmp
 .text          0x0000000080002260       0x94 ../../sw/elibc/time.o
                0x0000000080002260                clock
 .text          0x00000000800022f4       0xa0 ../../sw/elibc/uart.o
                0x00000000800022f4                inbyte
                0x0000000080002320                outbyte
 .text          0x0000000080002394      0x480 /home/twccyoyo/riscv/riscv-gnu-toolchain/lib/gcc/riscv32-unknown-elf/8.2.0/libgcc.a(_divdi3.o)
                0x0000000080002394                __divdi3
 .text          0x0000000080002814      0x7bc /home/twccyoyo/riscv/riscv-gnu-toolchain/lib/gcc/riscv32-unknown-elf/8.2.0/libgcc.a(adddf3.o)
                0x0000000080002814                __adddf3
 .text          0x0000000080002fd0       0xe4 /home/twccyoyo/riscv/riscv-gnu-toolchain/lib/gcc/riscv32-unknown-elf/8.2.0/libgcc.a(ledf2.o)
                0x0000000080002fd0                __ltdf2
                0x0000000080002fd0                __ledf2
 .text          0x00000000800030b4      0x5c4 /home/twccyoyo/riscv/riscv-gnu-toolchain/lib/gcc/riscv32-unknown-elf/8.2.0/libgcc.a(muldf3.o)
                0x00000000800030b4                __muldf3
 .text          0x0000000080003678      0x7c8 /home/twccyoyo/riscv/riscv-gnu-toolchain/lib/gcc/riscv32-unknown-elf/8.2.0/libgcc.a(subdf3.o)
                0x0000000080003678                __subdf3
 .text          0x0000000080003e40       0x80 /home/twccyoyo/riscv/riscv-gnu-toolchain/lib/gcc/riscv32-unknown-elf/8.2.0/libgcc.a(fixdfsi.o)
                0x0000000080003e40                __fixdfsi
 .text          0x0000000080003ec0       0xa8 /home/twccyoyo/riscv/riscv-gnu-toolchain/lib/gcc/riscv32-unknown-elf/8.2.0/libgcc.a(floatsidf.o)
                0x0000000080003ec0                __floatsidf
 .text          0x0000000080003f68        0x0 /home/twccyoyo/riscv/riscv-gnu-toolchain/lib/gcc/riscv32-unknown-elf/8.2.0/libgcc.a(_clz.o)
 .text          0x0000000080003f68       0x4c /home/twccyoyo/riscv/riscv-gnu-toolchain/lib/gcc/riscv32-unknown-elf/8.2.0/libgcc.a(_clzsi2.o)
                0x0000000080003f68                __clzsi2

.srodata        0x0000000080003fb4        0x4
 .srodata       0x0000000080003fb4        0x4 ../../sw/elibc/heap_4.o

.eh_frame       0x0000000080003fb8       0x28
 .eh_frame      0x0000000080003fb8       0x28 /home/twccyoyo/riscv/riscv-gnu-toolchain/lib/gcc/riscv32-unknown-elf/8.2.0/libgcc.a(_divdi3.o)

.rela.dyn       0x0000000080003fe0        0x0
 .rela.text     0x0000000080003fe0        0x0 boot-v.o
 .rela.sdata    0x0000000080003fe0        0x0 boot-v.o

.data           0x000000008000a000      0x728
 *(.data)
 .data          0x000000008000a000        0x0 boot-v.o
 .data          0x000000008000a000        0x0 vm.o
 .data          0x000000008000a000        0x0 handle_trap.o
 .data          0x000000008000a000        0x0 test.o
 .data          0x000000008000a000        0x0 ../../sw/elibc/stdio.o
 .data          0x000000008000a000        0x0 ../../sw/elibc/stdlib.o
 .data          0x000000008000a000        0x0 ../../sw/elibc/heap_4.o
 .data          0x000000008000a000        0x0 ../../sw/elibc/string.o
 .data          0x000000008000a000        0x0 ../../sw/elibc/time.o
 .data          0x000000008000a000        0x0 ../../sw/elibc/uart.o
 .data          0x000000008000a000        0x0 /home/twccyoyo/riscv/riscv-gnu-toolchain/lib/gcc/riscv32-unknown-elf/8.2.0/libgcc.a(_divdi3.o)
 .data          0x000000008000a000        0x0 /home/twccyoyo/riscv/riscv-gnu-toolchain/lib/gcc/riscv32-unknown-elf/8.2.0/libgcc.a(adddf3.o)
 .data          0x000000008000a000        0x0 /home/twccyoyo/riscv/riscv-gnu-toolchain/lib/gcc/riscv32-unknown-elf/8.2.0/libgcc.a(ledf2.o)
 .data          0x000000008000a000        0x0 /home/twccyoyo/riscv/riscv-gnu-toolchain/lib/gcc/riscv32-unknown-elf/8.2.0/libgcc.a(muldf3.o)
 .data          0x000000008000a000        0x0 /home/twccyoyo/riscv/riscv-gnu-toolchain/lib/gcc/riscv32-unknown-elf/8.2.0/libgcc.a(subdf3.o)
 .data          0x000000008000a000        0x0 /home/twccyoyo/riscv/riscv-gnu-toolchain/lib/gcc/riscv32-unknown-elf/8.2.0/libgcc.a(fixdfsi.o)
 .data          0x000000008000a000        0x0 /home/twccyoyo/riscv/riscv-gnu-toolchain/lib/gcc/riscv32-unknown-elf/8.2.0/libgcc.a(floatsidf.o)
 .data          0x000000008000a000        0x0 /home/twccyoyo/riscv/riscv-gnu-toolchain/lib/gcc/riscv32-unknown-elf/8.2.0/libgcc.a(_clz.o)
 .data          0x000000008000a000        0x0 /home/twccyoyo/riscv/riscv-gnu-toolchain/lib/gcc/riscv32-unknown-elf/8.2.0/libgcc.a(_clzsi2.o)
 *(.bss)
 .bss           0x000000008000a000        0x0 boot-v.o
 .bss           0x000000008000a000        0x0 vm.o
 .bss           0x000000008000a000        0x0 handle_trap.o
 .bss           0x000000008000a000        0x0 test.o
 .bss           0x000000008000a000        0x8 ../../sw/elibc/stdio.o
 .bss           0x000000008000a008        0x0 ../../sw/elibc/stdlib.o
 .bss           0x000000008000a008       0x1c ../../sw/elibc/heap_4.o
 .bss           0x000000008000a024        0x0 ../../sw/elibc/string.o
 .bss           0x000000008000a024        0x0 ../../sw/elibc/time.o
 .bss           0x000000008000a024        0x0 ../../sw/elibc/uart.o
 .bss           0x000000008000a024        0x0 /home/twccyoyo/riscv/riscv-gnu-toolchain/lib/gcc/riscv32-unknown-elf/8.2.0/libgcc.a(_divdi3.o)
 .bss           0x000000008000a024        0x0 /home/twccyoyo/riscv/riscv-gnu-toolchain/lib/gcc/riscv32-unknown-elf/8.2.0/libgcc.a(adddf3.o)
 .bss           0x000000008000a024        0x0 /home/twccyoyo/riscv/riscv-gnu-toolchain/lib/gcc/riscv32-unknown-elf/8.2.0/libgcc.a(ledf2.o)
 .bss           0x000000008000a024        0x0 /home/twccyoyo/riscv/riscv-gnu-toolchain/lib/gcc/riscv32-unknown-elf/8.2.0/libgcc.a(muldf3.o)
 .bss           0x000000008000a024        0x0 /home/twccyoyo/riscv/riscv-gnu-toolchain/lib/gcc/riscv32-unknown-elf/8.2.0/libgcc.a(subdf3.o)
 .bss           0x000000008000a024        0x0 /home/twccyoyo/riscv/riscv-gnu-toolchain/lib/gcc/riscv32-unknown-elf/8.2.0/libgcc.a(fixdfsi.o)
 .bss           0x000000008000a024        0x0 /home/twccyoyo/riscv/riscv-gnu-toolchain/lib/gcc/riscv32-unknown-elf/8.2.0/libgcc.a(floatsidf.o)
 .bss           0x000000008000a024        0x0 /home/twccyoyo/riscv/riscv-gnu-toolchain/lib/gcc/riscv32-unknown-elf/8.2.0/libgcc.a(_clz.o)
 .bss           0x000000008000a024        0x0 /home/twccyoyo/riscv/riscv-gnu-toolchain/lib/gcc/riscv32-unknown-elf/8.2.0/libgcc.a(_clzsi2.o)
 *(.rodata*)
 .rodata        0x000000008000a024       0x1a vm.o
 *fill*         0x000000008000a03e        0x2 
 .rodata        0x000000008000a040      0x303 handle_trap.o
 *fill*         0x000000008000a343        0x1 
 .rodata        0x000000008000a344       0xcb test.o
 *fill*         0x000000008000a40f        0x1 
 .rodata        0x000000008000a410      0x110 ../../sw/elibc/stdio.o
 .rodata        0x000000008000a520       0xcc ../../sw/elibc/stdlib.o
 .rodata        0x000000008000a5ec       0x3c /home/twccyoyo/riscv/riscv-gnu-toolchain/lib/gcc/riscv32-unknown-elf/8.2.0/libgcc.a(muldf3.o)
 .rodata        0x000000008000a628      0x100 /home/twccyoyo/riscv/riscv-gnu-toolchain/lib/gcc/riscv32-unknown-elf/8.2.0/libgcc.a(_clz.o)
                0x000000008000a628                __clz_tab

.sdata          0x000000008000a728       0x24
 .sdata         0x000000008000a728        0x4 boot-v.o
                0x000000008000a728                stack_top
 .sdata         0x000000008000a72c       0x1c ../../sw/elibc/stdio.o
                0x000000008000a73c                stdin
                0x000000008000a740                stdout
                0x000000008000a744                stderr
 .sdata         0x000000008000a748        0x4 ../../sw/elibc/stdlib.o

.heap           0x0000000080220000     0x1000
                0x0000000080220000                . = ALIGN (0x4)
                [!provide]                        PROVIDE (end = .)
                0x0000000080220000                _sheap = .
                0x0000000080221000                . = (. + __heap_size)
 *fill*         0x0000000080220000     0x1000 
                0x0000000080221000                . = ALIGN (0x4)
                0x0000000080221000                _eheap = .

.stack          0x000000008022f000     0x1000
                0x000000008022f000                . = ALIGN (0x4)
                0x000000008022f000                _estack = .
                0x0000000080230000                . = (. + __stack_size)
 *fill*         0x000000008022f000     0x1000 
                0x0000000080230000                . = ALIGN (0x4)
                0x0000000080230000                _sstack = .
LOAD vm.o
LOAD handle_trap.o
LOAD test.o
LOAD ../../sw/elibc/stdio.o
LOAD ../../sw/elibc/stdlib.o
LOAD ../../sw/elibc/heap_4.o
LOAD ../../sw/elibc/string.o
LOAD ../../sw/elibc/time.o
LOAD ../../sw/elibc/uart.o
LOAD boot-v.o
LOAD /home/twccyoyo/riscv/riscv-gnu-toolchain/lib/gcc/riscv32-unknown-elf/8.2.0/libgcc.a
OUTPUT(test-v elf32-littleriscv)

.comment        0x0000000000000000       0x11
 .comment       0x0000000000000000       0x11 boot-v.o
                                         0x12 (size before relaxing)
 .comment       0x0000000000000011       0x12 vm.o
 .comment       0x0000000000000011       0x12 handle_trap.o
 .comment       0x0000000000000011       0x12 test.o
 .comment       0x0000000000000011       0x12 ../../sw/elibc/stdio.o
 .comment       0x0000000000000011       0x12 ../../sw/elibc/stdlib.o
 .comment       0x0000000000000011       0x12 ../../sw/elibc/heap_4.o
 .comment       0x0000000000000011       0x12 ../../sw/elibc/string.o
 .comment       0x0000000000000011       0x12 ../../sw/elibc/time.o
 .comment       0x0000000000000011       0x12 ../../sw/elibc/uart.o
 .comment       0x0000000000000011       0x12 /home/twccyoyo/riscv/riscv-gnu-toolchain/lib/gcc/riscv32-unknown-elf/8.2.0/libgcc.a(_divdi3.o)
 .comment       0x0000000000000011       0x12 /home/twccyoyo/riscv/riscv-gnu-toolchain/lib/gcc/riscv32-unknown-elf/8.2.0/libgcc.a(adddf3.o)
 .comment       0x0000000000000011       0x12 /home/twccyoyo/riscv/riscv-gnu-toolchain/lib/gcc/riscv32-unknown-elf/8.2.0/libgcc.a(ledf2.o)
 .comment       0x0000000000000011       0x12 /home/twccyoyo/riscv/riscv-gnu-toolchain/lib/gcc/riscv32-unknown-elf/8.2.0/libgcc.a(muldf3.o)
 .comment       0x0000000000000011       0x12 /home/twccyoyo/riscv/riscv-gnu-toolchain/lib/gcc/riscv32-unknown-elf/8.2.0/libgcc.a(subdf3.o)
 .comment       0x0000000000000011       0x12 /home/twccyoyo/riscv/riscv-gnu-toolchain/lib/gcc/riscv32-unknown-elf/8.2.0/libgcc.a(fixdfsi.o)
 .comment       0x0000000000000011       0x12 /home/twccyoyo/riscv/riscv-gnu-toolchain/lib/gcc/riscv32-unknown-elf/8.2.0/libgcc.a(floatsidf.o)
 .comment       0x0000000000000011       0x12 /home/twccyoyo/riscv/riscv-gnu-toolchain/lib/gcc/riscv32-unknown-elf/8.2.0/libgcc.a(_clz.o)
 .comment       0x0000000000000011       0x12 /home/twccyoyo/riscv/riscv-gnu-toolchain/lib/gcc/riscv32-unknown-elf/8.2.0/libgcc.a(_clzsi2.o)

.riscv.attributes
                0x0000000000000000       0x21
 .riscv.attributes
                0x0000000000000000       0x21 boot-v.o
 .riscv.attributes
                0x0000000000000021       0x21 vm.o
 .riscv.attributes
                0x0000000000000042       0x21 handle_trap.o
 .riscv.attributes
                0x0000000000000063       0x21 test.o
 .riscv.attributes
                0x0000000000000084       0x21 ../../sw/elibc/stdio.o
 .riscv.attributes
                0x00000000000000a5       0x21 ../../sw/elibc/stdlib.o
 .riscv.attributes
                0x00000000000000c6       0x21 ../../sw/elibc/heap_4.o
 .riscv.attributes
                0x00000000000000e7       0x21 ../../sw/elibc/string.o
 .riscv.attributes
                0x0000000000000108       0x21 ../../sw/elibc/time.o
 .riscv.attributes
                0x0000000000000129       0x21 ../../sw/elibc/uart.o
 .riscv.attributes
                0x000000000000014a       0x21 /home/twccyoyo/riscv/riscv-gnu-toolchain/lib/gcc/riscv32-unknown-elf/8.2.0/libgcc.a(_divdi3.o)
 .riscv.attributes
                0x000000000000016b       0x21 /home/twccyoyo/riscv/riscv-gnu-toolchain/lib/gcc/riscv32-unknown-elf/8.2.0/libgcc.a(adddf3.o)
 .riscv.attributes
                0x000000000000018c       0x21 /home/twccyoyo/riscv/riscv-gnu-toolchain/lib/gcc/riscv32-unknown-elf/8.2.0/libgcc.a(ledf2.o)
 .riscv.attributes
                0x00000000000001ad       0x21 /home/twccyoyo/riscv/riscv-gnu-toolchain/lib/gcc/riscv32-unknown-elf/8.2.0/libgcc.a(muldf3.o)
 .riscv.attributes
                0x00000000000001ce       0x21 /home/twccyoyo/riscv/riscv-gnu-toolchain/lib/gcc/riscv32-unknown-elf/8.2.0/libgcc.a(subdf3.o)
 .riscv.attributes
                0x00000000000001ef       0x21 /home/twccyoyo/riscv/riscv-gnu-toolchain/lib/gcc/riscv32-unknown-elf/8.2.0/libgcc.a(fixdfsi.o)
 .riscv.attributes
                0x0000000000000210       0x21 /home/twccyoyo/riscv/riscv-gnu-toolchain/lib/gcc/riscv32-unknown-elf/8.2.0/libgcc.a(floatsidf.o)
 .riscv.attributes
                0x0000000000000231       0x21 /home/twccyoyo/riscv/riscv-gnu-toolchain/lib/gcc/riscv32-unknown-elf/8.2.0/libgcc.a(_clz.o)
 .riscv.attributes
                0x0000000000000252       0x21 /home/twccyoyo/riscv/riscv-gnu-toolchain/lib/gcc/riscv32-unknown-elf/8.2.0/libgcc.a(_clzsi2.o)

.bss            0x000000008000b000   0x20200c
 COMMON         0x000000008000b000        0x8 boot-v.o
                0x000000008000b000                got_timmer_isr
                0x000000008000b004                sp_store
 *fill*         0x000000008000b008      0xff8 
 COMMON         0x000000008000c000   0x201000 vm.o
                0x000000008000c000                pt
 COMMON         0x000000008020d000        0xc test.o
                0x000000008020d000                User_Time
                0x000000008020d004                Begin_Time
                0x000000008020d008                End_Time

.debug_info     0x0000000000000000     0x43a6
 .debug_info    0x0000000000000000     0x127b /home/twccyoyo/riscv/riscv-gnu-toolchain/lib/gcc/riscv32-unknown-elf/8.2.0/libgcc.a(_divdi3.o)
 .debug_info    0x000000000000127b      0x599 /home/twccyoyo/riscv/riscv-gnu-toolchain/lib/gcc/riscv32-unknown-elf/8.2.0/libgcc.a(adddf3.o)
 .debug_info    0x0000000000001814      0x286 /home/twccyoyo/riscv/riscv-gnu-toolchain/lib/gcc/riscv32-unknown-elf/8.2.0/libgcc.a(ledf2.o)
 .debug_info    0x0000000000001a9a      0x75c /home/twccyoyo/riscv/riscv-gnu-toolchain/lib/gcc/riscv32-unknown-elf/8.2.0/libgcc.a(muldf3.o)
 .debug_info    0x00000000000021f6      0x599 /home/twccyoyo/riscv/riscv-gnu-toolchain/lib/gcc/riscv32-unknown-elf/8.2.0/libgcc.a(subdf3.o)
 .debug_info    0x000000000000278f      0x21a /home/twccyoyo/riscv/riscv-gnu-toolchain/lib/gcc/riscv32-unknown-elf/8.2.0/libgcc.a(fixdfsi.o)
 .debug_info    0x00000000000029a9      0x2bc /home/twccyoyo/riscv/riscv-gnu-toolchain/lib/gcc/riscv32-unknown-elf/8.2.0/libgcc.a(floatsidf.o)
 .debug_info    0x0000000000002c65      0xb6a /home/twccyoyo/riscv/riscv-gnu-toolchain/lib/gcc/riscv32-unknown-elf/8.2.0/libgcc.a(_clz.o)
 .debug_info    0x00000000000037cf      0xbd7 /home/twccyoyo/riscv/riscv-gnu-toolchain/lib/gcc/riscv32-unknown-elf/8.2.0/libgcc.a(_clzsi2.o)

.debug_abbrev   0x0000000000000000     0x1063
 .debug_abbrev  0x0000000000000000      0x2e4 /home/twccyoyo/riscv/riscv-gnu-toolchain/lib/gcc/riscv32-unknown-elf/8.2.0/libgcc.a(_divdi3.o)
 .debug_abbrev  0x00000000000002e4      0x196 /home/twccyoyo/riscv/riscv-gnu-toolchain/lib/gcc/riscv32-unknown-elf/8.2.0/libgcc.a(adddf3.o)
 .debug_abbrev  0x000000000000047a      0x199 /home/twccyoyo/riscv/riscv-gnu-toolchain/lib/gcc/riscv32-unknown-elf/8.2.0/libgcc.a(ledf2.o)
 .debug_abbrev  0x0000000000000613      0x18e /home/twccyoyo/riscv/riscv-gnu-toolchain/lib/gcc/riscv32-unknown-elf/8.2.0/libgcc.a(muldf3.o)
 .debug_abbrev  0x00000000000007a1      0x196 /home/twccyoyo/riscv/riscv-gnu-toolchain/lib/gcc/riscv32-unknown-elf/8.2.0/libgcc.a(subdf3.o)
 .debug_abbrev  0x0000000000000937      0x18a /home/twccyoyo/riscv/riscv-gnu-toolchain/lib/gcc/riscv32-unknown-elf/8.2.0/libgcc.a(fixdfsi.o)
 .debug_abbrev  0x0000000000000ac1      0x178 /home/twccyoyo/riscv/riscv-gnu-toolchain/lib/gcc/riscv32-unknown-elf/8.2.0/libgcc.a(floatsidf.o)
 .debug_abbrev  0x0000000000000c39      0x1e8 /home/twccyoyo/riscv/riscv-gnu-toolchain/lib/gcc/riscv32-unknown-elf/8.2.0/libgcc.a(_clz.o)
 .debug_abbrev  0x0000000000000e21      0x242 /home/twccyoyo/riscv/riscv-gnu-toolchain/lib/gcc/riscv32-unknown-elf/8.2.0/libgcc.a(_clzsi2.o)

.debug_loc      0x0000000000000000     0x3fc5
 .debug_loc     0x0000000000000000      0xa0c /home/twccyoyo/riscv/riscv-gnu-toolchain/lib/gcc/riscv32-unknown-elf/8.2.0/libgcc.a(_divdi3.o)
 .debug_loc     0x0000000000000a0c     0x119d /home/twccyoyo/riscv/riscv-gnu-toolchain/lib/gcc/riscv32-unknown-elf/8.2.0/libgcc.a(adddf3.o)
 .debug_loc     0x0000000000001ba9      0x135 /home/twccyoyo/riscv/riscv-gnu-toolchain/lib/gcc/riscv32-unknown-elf/8.2.0/libgcc.a(ledf2.o)
 .debug_loc     0x0000000000001cde      0xd9a /home/twccyoyo/riscv/riscv-gnu-toolchain/lib/gcc/riscv32-unknown-elf/8.2.0/libgcc.a(muldf3.o)
 .debug_loc     0x0000000000002a78     0x1208 /home/twccyoyo/riscv/riscv-gnu-toolchain/lib/gcc/riscv32-unknown-elf/8.2.0/libgcc.a(subdf3.o)
 .debug_loc     0x0000000000003c80      0x181 /home/twccyoyo/riscv/riscv-gnu-toolchain/lib/gcc/riscv32-unknown-elf/8.2.0/libgcc.a(fixdfsi.o)
 .debug_loc     0x0000000000003e01      0x159 /home/twccyoyo/riscv/riscv-gnu-toolchain/lib/gcc/riscv32-unknown-elf/8.2.0/libgcc.a(floatsidf.o)
 .debug_loc     0x0000000000003f5a       0x6b /home/twccyoyo/riscv/riscv-gnu-toolchain/lib/gcc/riscv32-unknown-elf/8.2.0/libgcc.a(_clzsi2.o)

.debug_aranges  0x0000000000000000      0x118
 .debug_aranges
                0x0000000000000000       0x20 /home/twccyoyo/riscv/riscv-gnu-toolchain/lib/gcc/riscv32-unknown-elf/8.2.0/libgcc.a(_divdi3.o)
 .debug_aranges
                0x0000000000000020       0x20 /home/twccyoyo/riscv/riscv-gnu-toolchain/lib/gcc/riscv32-unknown-elf/8.2.0/libgcc.a(adddf3.o)
 .debug_aranges
                0x0000000000000040       0x20 /home/twccyoyo/riscv/riscv-gnu-toolchain/lib/gcc/riscv32-unknown-elf/8.2.0/libgcc.a(ledf2.o)
 .debug_aranges
                0x0000000000000060       0x20 /home/twccyoyo/riscv/riscv-gnu-toolchain/lib/gcc/riscv32-unknown-elf/8.2.0/libgcc.a(muldf3.o)
 .debug_aranges
                0x0000000000000080       0x20 /home/twccyoyo/riscv/riscv-gnu-toolchain/lib/gcc/riscv32-unknown-elf/8.2.0/libgcc.a(subdf3.o)
 .debug_aranges
                0x00000000000000a0       0x20 /home/twccyoyo/riscv/riscv-gnu-toolchain/lib/gcc/riscv32-unknown-elf/8.2.0/libgcc.a(fixdfsi.o)
 .debug_aranges
                0x00000000000000c0       0x20 /home/twccyoyo/riscv/riscv-gnu-toolchain/lib/gcc/riscv32-unknown-elf/8.2.0/libgcc.a(floatsidf.o)
 .debug_aranges
                0x00000000000000e0       0x18 /home/twccyoyo/riscv/riscv-gnu-toolchain/lib/gcc/riscv32-unknown-elf/8.2.0/libgcc.a(_clz.o)
 .debug_aranges
                0x00000000000000f8       0x20 /home/twccyoyo/riscv/riscv-gnu-toolchain/lib/gcc/riscv32-unknown-elf/8.2.0/libgcc.a(_clzsi2.o)

.debug_ranges   0x0000000000000000      0x860
 .debug_ranges  0x0000000000000000       0xf8 /home/twccyoyo/riscv/riscv-gnu-toolchain/lib/gcc/riscv32-unknown-elf/8.2.0/libgcc.a(_divdi3.o)
 .debug_ranges  0x00000000000000f8      0x228 /home/twccyoyo/riscv/riscv-gnu-toolchain/lib/gcc/riscv32-unknown-elf/8.2.0/libgcc.a(adddf3.o)
 .debug_ranges  0x0000000000000320       0x50 /home/twccyoyo/riscv/riscv-gnu-toolchain/lib/gcc/riscv32-unknown-elf/8.2.0/libgcc.a(ledf2.o)
 .debug_ranges  0x0000000000000370      0x230 /home/twccyoyo/riscv/riscv-gnu-toolchain/lib/gcc/riscv32-unknown-elf/8.2.0/libgcc.a(muldf3.o)
 .debug_ranges  0x00000000000005a0      0x220 /home/twccyoyo/riscv/riscv-gnu-toolchain/lib/gcc/riscv32-unknown-elf/8.2.0/libgcc.a(subdf3.o)
 .debug_ranges  0x00000000000007c0       0x18 /home/twccyoyo/riscv/riscv-gnu-toolchain/lib/gcc/riscv32-unknown-elf/8.2.0/libgcc.a(fixdfsi.o)
 .debug_ranges  0x00000000000007d8       0x68 /home/twccyoyo/riscv/riscv-gnu-toolchain/lib/gcc/riscv32-unknown-elf/8.2.0/libgcc.a(floatsidf.o)
 .debug_ranges  0x0000000000000840       0x20 /home/twccyoyo/riscv/riscv-gnu-toolchain/lib/gcc/riscv32-unknown-elf/8.2.0/libgcc.a(_clzsi2.o)

.debug_line     0x0000000000000000     0x453f
 .debug_line    0x0000000000000000      0x9d1 /home/twccyoyo/riscv/riscv-gnu-toolchain/lib/gcc/riscv32-unknown-elf/8.2.0/libgcc.a(_divdi3.o)
 .debug_line    0x00000000000009d1     0x1043 /home/twccyoyo/riscv/riscv-gnu-toolchain/lib/gcc/riscv32-unknown-elf/8.2.0/libgcc.a(adddf3.o)
 .debug_line    0x0000000000001a14      0x321 /home/twccyoyo/riscv/riscv-gnu-toolchain/lib/gcc/riscv32-unknown-elf/8.2.0/libgcc.a(ledf2.o)
 .debug_line    0x0000000000001d35      0xdd4 /home/twccyoyo/riscv/riscv-gnu-toolchain/lib/gcc/riscv32-unknown-elf/8.2.0/libgcc.a(muldf3.o)
 .debug_line    0x0000000000002b09     0x10a2 /home/twccyoyo/riscv/riscv-gnu-toolchain/lib/gcc/riscv32-unknown-elf/8.2.0/libgcc.a(subdf3.o)
 .debug_line    0x0000000000003bab      0x243 /home/twccyoyo/riscv/riscv-gnu-toolchain/lib/gcc/riscv32-unknown-elf/8.2.0/libgcc.a(fixdfsi.o)
 .debug_line    0x0000000000003dee      0x27d /home/twccyoyo/riscv/riscv-gnu-toolchain/lib/gcc/riscv32-unknown-elf/8.2.0/libgcc.a(floatsidf.o)
 .debug_line    0x000000000000406b      0x224 /home/twccyoyo/riscv/riscv-gnu-toolchain/lib/gcc/riscv32-unknown-elf/8.2.0/libgcc.a(_clz.o)
 .debug_line    0x000000000000428f      0x2b0 /home/twccyoyo/riscv/riscv-gnu-toolchain/lib/gcc/riscv32-unknown-elf/8.2.0/libgcc.a(_clzsi2.o)

.debug_str      0x0000000000000000      0xd8d
 .debug_str     0x0000000000000000      0x7e5 /home/twccyoyo/riscv/riscv-gnu-toolchain/lib/gcc/riscv32-unknown-elf/8.2.0/libgcc.a(_divdi3.o)
                                        0x865 (size before relaxing)
 .debug_str     0x00000000000007e5      0x230 /home/twccyoyo/riscv/riscv-gnu-toolchain/lib/gcc/riscv32-unknown-elf/8.2.0/libgcc.a(adddf3.o)
                                        0x32c (size before relaxing)
 .debug_str     0x0000000000000a15       0x77 /home/twccyoyo/riscv/riscv-gnu-toolchain/lib/gcc/riscv32-unknown-elf/8.2.0/libgcc.a(ledf2.o)
                                        0x26a (size before relaxing)
 .debug_str     0x0000000000000a8c      0x20e /home/twccyoyo/riscv/riscv-gnu-toolchain/lib/gcc/riscv32-unknown-elf/8.2.0/libgcc.a(muldf3.o)
                                        0x446 (size before relaxing)
 .debug_str     0x0000000000000c9a       0x36 /home/twccyoyo/riscv/riscv-gnu-toolchain/lib/gcc/riscv32-unknown-elf/8.2.0/libgcc.a(subdf3.o)
                                        0x32c (size before relaxing)
 .debug_str     0x0000000000000cd0       0x4b /home/twccyoyo/riscv/riscv-gnu-toolchain/lib/gcc/riscv32-unknown-elf/8.2.0/libgcc.a(fixdfsi.o)
                                        0x243 (size before relaxing)
 .debug_str     0x0000000000000d1b       0x69 /home/twccyoyo/riscv/riscv-gnu-toolchain/lib/gcc/riscv32-unknown-elf/8.2.0/libgcc.a(floatsidf.o)
                                        0x2d9 (size before relaxing)
 .debug_str     0x0000000000000d84      0x7ad /home/twccyoyo/riscv/riscv-gnu-toolchain/lib/gcc/riscv32-unknown-elf/8.2.0/libgcc.a(_clz.o)
 .debug_str     0x0000000000000d84        0x9 /home/twccyoyo/riscv/riscv-gnu-toolchain/lib/gcc/riscv32-unknown-elf/8.2.0/libgcc.a(_clzsi2.o)
                                        0x7ca (size before relaxing)

.debug_frame    0x0000000000000000      0x174
 .debug_frame   0x0000000000000000       0x44 /home/twccyoyo/riscv/riscv-gnu-toolchain/lib/gcc/riscv32-unknown-elf/8.2.0/libgcc.a(adddf3.o)
 .debug_frame   0x0000000000000044       0x20 /home/twccyoyo/riscv/riscv-gnu-toolchain/lib/gcc/riscv32-unknown-elf/8.2.0/libgcc.a(ledf2.o)
 .debug_frame   0x0000000000000064       0x54 /home/twccyoyo/riscv/riscv-gnu-toolchain/lib/gcc/riscv32-unknown-elf/8.2.0/libgcc.a(muldf3.o)
 .debug_frame   0x00000000000000b8       0x44 /home/twccyoyo/riscv/riscv-gnu-toolchain/lib/gcc/riscv32-unknown-elf/8.2.0/libgcc.a(subdf3.o)
 .debug_frame   0x00000000000000fc       0x20 /home/twccyoyo/riscv/riscv-gnu-toolchain/lib/gcc/riscv32-unknown-elf/8.2.0/libgcc.a(fixdfsi.o)
 .debug_frame   0x000000000000011c       0x38 /home/twccyoyo/riscv/riscv-gnu-toolchain/lib/gcc/riscv32-unknown-elf/8.2.0/libgcc.a(floatsidf.o)
 .debug_frame   0x0000000000000154       0x20 /home/twccyoyo/riscv/riscv-gnu-toolchain/lib/gcc/riscv32-unknown-elf/8.2.0/libgcc.a(_clzsi2.o)
