Archive member included to satisfy reference by file (symbol)

/home/twccyoyo/riscv/riscv-gnu-toolchain/lib/gcc/riscv32-unknown-elf/8.2.0/libgcc.a(_divdi3.o)
                              ../elibc/time.o (__divdi3)
/home/twccyoyo/riscv/riscv-gnu-toolchain/lib/gcc/riscv32-unknown-elf/8.2.0/libgcc.a(adddf3.o)
                              ../elibc/stdio.o (__adddf3)
/home/twccyoyo/riscv/riscv-gnu-toolchain/lib/gcc/riscv32-unknown-elf/8.2.0/libgcc.a(divdf3.o)
                              dhry_1.o (__divdf3)
/home/twccyoyo/riscv/riscv-gnu-toolchain/lib/gcc/riscv32-unknown-elf/8.2.0/libgcc.a(ledf2.o)
                              ../elibc/stdio.o (__ltdf2)
/home/twccyoyo/riscv/riscv-gnu-toolchain/lib/gcc/riscv32-unknown-elf/8.2.0/libgcc.a(muldf3.o)
                              dhry_1.o (__muldf3)
/home/twccyoyo/riscv/riscv-gnu-toolchain/lib/gcc/riscv32-unknown-elf/8.2.0/libgcc.a(subdf3.o)
                              ../elibc/stdio.o (__subdf3)
/home/twccyoyo/riscv/riscv-gnu-toolchain/lib/gcc/riscv32-unknown-elf/8.2.0/libgcc.a(fixdfsi.o)
                              ../elibc/stdio.o (__fixdfsi)
/home/twccyoyo/riscv/riscv-gnu-toolchain/lib/gcc/riscv32-unknown-elf/8.2.0/libgcc.a(floatsidf.o)
                              ../elibc/stdio.o (__floatsidf)
/home/twccyoyo/riscv/riscv-gnu-toolchain/lib/gcc/riscv32-unknown-elf/8.2.0/libgcc.a(divsf3.o)
                              dhry_1.o (__divsf3)
/home/twccyoyo/riscv/riscv-gnu-toolchain/lib/gcc/riscv32-unknown-elf/8.2.0/libgcc.a(floatsisf.o)
                              dhry_1.o (__floatsisf)
/home/twccyoyo/riscv/riscv-gnu-toolchain/lib/gcc/riscv32-unknown-elf/8.2.0/libgcc.a(extendsfdf2.o)
                              dhry_1.o (__extendsfdf2)
/home/twccyoyo/riscv/riscv-gnu-toolchain/lib/gcc/riscv32-unknown-elf/8.2.0/libgcc.a(truncdfsf2.o)
                              dhry_1.o (__truncdfsf2)
/home/twccyoyo/riscv/riscv-gnu-toolchain/lib/gcc/riscv32-unknown-elf/8.2.0/libgcc.a(_clz.o)
                              /home/twccyoyo/riscv/riscv-gnu-toolchain/lib/gcc/riscv32-unknown-elf/8.2.0/libgcc.a(_divdi3.o) (__clz_tab)
/home/twccyoyo/riscv/riscv-gnu-toolchain/lib/gcc/riscv32-unknown-elf/8.2.0/libgcc.a(_clzsi2.o)
                              /home/twccyoyo/riscv/riscv-gnu-toolchain/lib/gcc/riscv32-unknown-elf/8.2.0/libgcc.a(adddf3.o) (__clzsi2)

Allocating common symbols
Common symbol       size              file

Microseconds        0x4               dhry_1.o
Dhrystones_Per_Second
                    0x4               dhry_1.o
User_Time           0x4               dhry_1.o
Begin_Time          0x4               dhry_1.o
Arr_2_Glob          0x2710            dhry_1.o
End_Time            0x4               dhry_1.o
Next_Ptr_Glob       0x4               dhry_1.o
Int_Glob            0x4               dhry_1.o
Ch_1_Glob           0x1               dhry_1.o
Ch_2_Glob           0x1               dhry_1.o
Ptr_Glob            0x4               dhry_1.o
Vax_Mips            0x4               dhry_1.o
Arr_1_Glob          0xc8              dhry_1.o
Bool_Glob           0x4               dhry_1.o
sp_store            0x4               boot.o

Memory Configuration

Name             Origin             Length             Attributes
code_ram         0x0000000080001000 0x0000000000005000 xr !rw
data_ram         0x0000000080006000 0x0000000000004000 rw !x
*default*        0x0000000000000000 0xffffffffffffffff

Linker script and memory map

                0x000000008000a000                __heap_start = 0x8000a000
                0x0000000000005000                __heap_size = 0x5000
                0x000000008000fff0                __stack_top = 0x8000fff0

.text           0x0000000080001000     0x43d0
 boot.o(.text)
 .text          0x0000000080001000       0x30 boot.o
                0x0000000080001000                boot
 *(.text)
 .text          0x0000000080001030      0x204 dhry_1.o
                0x0000000080001030                Proc_2
                0x0000000080001060                Proc_3
                0x000000008000108c                Proc_1
                0x00000000800011ec                Proc_4
                0x000000008000121c                Proc_5
 .text          0x0000000080001234      0x15c dhry_2.o
                0x0000000080001234                Proc_6
                0x0000000080001288                Proc_7
                0x0000000080001298                Proc_8
                0x0000000080001300                Func_1
                0x0000000080001324                Func_2
                0x0000000080001384                Func_3
 .text          0x0000000080001390      0x848 ../elibc/stdio.o
                0x0000000080001390                getchar
                0x00000000800013b0                fgets
                0x0000000080001480                putchar
                0x00000000800014b0                fputs
                0x000000008000152c                putd
                0x0000000080001618                putx
                0x000000008000173c                putf
                0x0000000080001938                printf
 .text          0x0000000080001bd8      0x2c0 ../elibc/stdlib.o
                0x0000000080001bd8                malloc
                0x0000000080001c00                free
                0x0000000080001c24                calloc
                0x0000000080001c7c                atoi
                0x0000000080001db4                abs
                0x0000000080001dec                exit
                0x0000000080001e30                srand
                0x0000000080001e50                rand
 .text          0x0000000080001e98      0x530 ../elibc/heap_4.o
                0x0000000080001e98                empty
                0x0000000080001ea0                pvPortMalloc
                0x0000000080002078                vPortFree
                0x000000008000212c                xPortGetFreeHeapSize
                0x000000008000213c                xPortGetMinimumEverFreeHeapSize
                0x000000008000214c                vPortInitialiseBlocks
 .text          0x00000000800023c8      0x54c ../elibc/string.o
                0x00000000800023c8                memcpy
                0x0000000080002438                memmove
                0x0000000080002510                memset
                0x0000000080002570                strlen
                0x00000000800025b0                strcpy
                0x000000008000260c                strncpy
                0x000000008000269c                strcat
                0x0000000080002714                strncat
                0x00000000800027a4                strcmp
                0x0000000080002850                strncmp
 .text          0x0000000080002914       0x94 ../elibc/time.o
                0x0000000080002914                clock
 .text          0x00000000800029a8       0xa0 ../elibc/uart.o
                0x00000000800029a8                inbyte
                0x00000000800029d4                outbyte
 .text          0x0000000080002a48      0x480 /home/twccyoyo/riscv/riscv-gnu-toolchain/lib/gcc/riscv32-unknown-elf/8.2.0/libgcc.a(_divdi3.o)
                0x0000000080002a48                __divdi3
 .text          0x0000000080002ec8      0x7bc /home/twccyoyo/riscv/riscv-gnu-toolchain/lib/gcc/riscv32-unknown-elf/8.2.0/libgcc.a(adddf3.o)
                0x0000000080002ec8                __adddf3
 .text          0x0000000080003684      0x6e0 /home/twccyoyo/riscv/riscv-gnu-toolchain/lib/gcc/riscv32-unknown-elf/8.2.0/libgcc.a(divdf3.o)
                0x0000000080003684                __divdf3
 .text          0x0000000080003d64       0xe4 /home/twccyoyo/riscv/riscv-gnu-toolchain/lib/gcc/riscv32-unknown-elf/8.2.0/libgcc.a(ledf2.o)
                0x0000000080003d64                __ltdf2
                0x0000000080003d64                __ledf2
 .text          0x0000000080003e48      0x5c4 /home/twccyoyo/riscv/riscv-gnu-toolchain/lib/gcc/riscv32-unknown-elf/8.2.0/libgcc.a(muldf3.o)
                0x0000000080003e48                __muldf3
 .text          0x000000008000440c      0x7c8 /home/twccyoyo/riscv/riscv-gnu-toolchain/lib/gcc/riscv32-unknown-elf/8.2.0/libgcc.a(subdf3.o)
                0x000000008000440c                __subdf3
 .text          0x0000000080004bd4       0x80 /home/twccyoyo/riscv/riscv-gnu-toolchain/lib/gcc/riscv32-unknown-elf/8.2.0/libgcc.a(fixdfsi.o)
                0x0000000080004bd4                __fixdfsi
 .text          0x0000000080004c54       0xa8 /home/twccyoyo/riscv/riscv-gnu-toolchain/lib/gcc/riscv32-unknown-elf/8.2.0/libgcc.a(floatsidf.o)
                0x0000000080004c54                __floatsidf
 .text          0x0000000080004cfc      0x32c /home/twccyoyo/riscv/riscv-gnu-toolchain/lib/gcc/riscv32-unknown-elf/8.2.0/libgcc.a(divsf3.o)
                0x0000000080004cfc                __divsf3
 .text          0x0000000080005028      0x104 /home/twccyoyo/riscv/riscv-gnu-toolchain/lib/gcc/riscv32-unknown-elf/8.2.0/libgcc.a(floatsisf.o)
                0x0000000080005028                __floatsisf
 .text          0x000000008000512c       0xd8 /home/twccyoyo/riscv/riscv-gnu-toolchain/lib/gcc/riscv32-unknown-elf/8.2.0/libgcc.a(extendsfdf2.o)
                0x000000008000512c                __extendsfdf2
 .text          0x0000000080005204      0x180 /home/twccyoyo/riscv/riscv-gnu-toolchain/lib/gcc/riscv32-unknown-elf/8.2.0/libgcc.a(truncdfsf2.o)
                0x0000000080005204                __truncdfsf2
 .text          0x0000000080005384        0x0 /home/twccyoyo/riscv/riscv-gnu-toolchain/lib/gcc/riscv32-unknown-elf/8.2.0/libgcc.a(_clz.o)
 .text          0x0000000080005384       0x4c /home/twccyoyo/riscv/riscv-gnu-toolchain/lib/gcc/riscv32-unknown-elf/8.2.0/libgcc.a(_clzsi2.o)
                0x0000000080005384                __clzsi2

.text.startup   0x00000000800053d0      0x74c
 .text.startup  0x00000000800053d0      0x74c dhry_1.o
                0x00000000800053d0                main

.srodata.cst4   0x0000000080005b1c       0x10
 .srodata.cst4  0x0000000080005b1c       0x10 dhry_1.o

.srodata.cst8   0x0000000080005b30       0x10
 .srodata.cst8  0x0000000080005b30       0x10 dhry_1.o

.srodata        0x0000000080005b40        0x4
 .srodata       0x0000000080005b40        0x4 ../elibc/heap_4.o

.eh_frame       0x0000000080005b44       0x28
 .eh_frame      0x0000000080005b44       0x28 /home/twccyoyo/riscv/riscv-gnu-toolchain/lib/gcc/riscv32-unknown-elf/8.2.0/libgcc.a(_divdi3.o)

.rela.dyn       0x0000000080005b6c        0x0
 .rela.text     0x0000000080005b6c        0x0 boot.o
 .rela.sdata    0x0000000080005b6c        0x0 boot.o
 .rela.text.startup
                0x0000000080005b6c        0x0 boot.o

.data           0x0000000080006000      0xa00
 *(.data)
 .data          0x0000000080006000        0x0 boot.o
 .data          0x0000000080006000        0x0 dhry_1.o
 .data          0x0000000080006000        0x0 dhry_2.o
 .data          0x0000000080006000        0x0 ../elibc/stdio.o
 .data          0x0000000080006000        0x0 ../elibc/stdlib.o
 .data          0x0000000080006000        0x0 ../elibc/heap_4.o
 .data          0x0000000080006000        0x0 ../elibc/string.o
 .data          0x0000000080006000        0x0 ../elibc/time.o
 .data          0x0000000080006000        0x0 ../elibc/uart.o
 .data          0x0000000080006000        0x0 /home/twccyoyo/riscv/riscv-gnu-toolchain/lib/gcc/riscv32-unknown-elf/8.2.0/libgcc.a(_divdi3.o)
 .data          0x0000000080006000        0x0 /home/twccyoyo/riscv/riscv-gnu-toolchain/lib/gcc/riscv32-unknown-elf/8.2.0/libgcc.a(adddf3.o)
 .data          0x0000000080006000        0x0 /home/twccyoyo/riscv/riscv-gnu-toolchain/lib/gcc/riscv32-unknown-elf/8.2.0/libgcc.a(divdf3.o)
 .data          0x0000000080006000        0x0 /home/twccyoyo/riscv/riscv-gnu-toolchain/lib/gcc/riscv32-unknown-elf/8.2.0/libgcc.a(ledf2.o)
 .data          0x0000000080006000        0x0 /home/twccyoyo/riscv/riscv-gnu-toolchain/lib/gcc/riscv32-unknown-elf/8.2.0/libgcc.a(muldf3.o)
 .data          0x0000000080006000        0x0 /home/twccyoyo/riscv/riscv-gnu-toolchain/lib/gcc/riscv32-unknown-elf/8.2.0/libgcc.a(subdf3.o)
 .data          0x0000000080006000        0x0 /home/twccyoyo/riscv/riscv-gnu-toolchain/lib/gcc/riscv32-unknown-elf/8.2.0/libgcc.a(fixdfsi.o)
 .data          0x0000000080006000        0x0 /home/twccyoyo/riscv/riscv-gnu-toolchain/lib/gcc/riscv32-unknown-elf/8.2.0/libgcc.a(floatsidf.o)
 .data          0x0000000080006000        0x0 /home/twccyoyo/riscv/riscv-gnu-toolchain/lib/gcc/riscv32-unknown-elf/8.2.0/libgcc.a(divsf3.o)
 .data          0x0000000080006000        0x0 /home/twccyoyo/riscv/riscv-gnu-toolchain/lib/gcc/riscv32-unknown-elf/8.2.0/libgcc.a(floatsisf.o)
 .data          0x0000000080006000        0x0 /home/twccyoyo/riscv/riscv-gnu-toolchain/lib/gcc/riscv32-unknown-elf/8.2.0/libgcc.a(extendsfdf2.o)
 .data          0x0000000080006000        0x0 /home/twccyoyo/riscv/riscv-gnu-toolchain/lib/gcc/riscv32-unknown-elf/8.2.0/libgcc.a(truncdfsf2.o)
 .data          0x0000000080006000        0x0 /home/twccyoyo/riscv/riscv-gnu-toolchain/lib/gcc/riscv32-unknown-elf/8.2.0/libgcc.a(_clz.o)
 .data          0x0000000080006000        0x0 /home/twccyoyo/riscv/riscv-gnu-toolchain/lib/gcc/riscv32-unknown-elf/8.2.0/libgcc.a(_clzsi2.o)
 *(.bss)
 .bss           0x0000000080006000        0x0 boot.o
 .bss           0x0000000080006000        0x0 dhry_1.o
 .bss           0x0000000080006000        0x0 dhry_2.o
 .bss           0x0000000080006000        0x8 ../elibc/stdio.o
 .bss           0x0000000080006008        0x0 ../elibc/stdlib.o
 .bss           0x0000000080006008       0x1c ../elibc/heap_4.o
 .bss           0x0000000080006024        0x0 ../elibc/string.o
 .bss           0x0000000080006024        0x0 ../elibc/time.o
 .bss           0x0000000080006024        0x0 ../elibc/uart.o
 .bss           0x0000000080006024        0x0 /home/twccyoyo/riscv/riscv-gnu-toolchain/lib/gcc/riscv32-unknown-elf/8.2.0/libgcc.a(_divdi3.o)
 .bss           0x0000000080006024        0x0 /home/twccyoyo/riscv/riscv-gnu-toolchain/lib/gcc/riscv32-unknown-elf/8.2.0/libgcc.a(adddf3.o)
 .bss           0x0000000080006024        0x0 /home/twccyoyo/riscv/riscv-gnu-toolchain/lib/gcc/riscv32-unknown-elf/8.2.0/libgcc.a(divdf3.o)
 .bss           0x0000000080006024        0x0 /home/twccyoyo/riscv/riscv-gnu-toolchain/lib/gcc/riscv32-unknown-elf/8.2.0/libgcc.a(ledf2.o)
 .bss           0x0000000080006024        0x0 /home/twccyoyo/riscv/riscv-gnu-toolchain/lib/gcc/riscv32-unknown-elf/8.2.0/libgcc.a(muldf3.o)
 .bss           0x0000000080006024        0x0 /home/twccyoyo/riscv/riscv-gnu-toolchain/lib/gcc/riscv32-unknown-elf/8.2.0/libgcc.a(subdf3.o)
 .bss           0x0000000080006024        0x0 /home/twccyoyo/riscv/riscv-gnu-toolchain/lib/gcc/riscv32-unknown-elf/8.2.0/libgcc.a(fixdfsi.o)
 .bss           0x0000000080006024        0x0 /home/twccyoyo/riscv/riscv-gnu-toolchain/lib/gcc/riscv32-unknown-elf/8.2.0/libgcc.a(floatsidf.o)
 .bss           0x0000000080006024        0x0 /home/twccyoyo/riscv/riscv-gnu-toolchain/lib/gcc/riscv32-unknown-elf/8.2.0/libgcc.a(divsf3.o)
 .bss           0x0000000080006024        0x0 /home/twccyoyo/riscv/riscv-gnu-toolchain/lib/gcc/riscv32-unknown-elf/8.2.0/libgcc.a(floatsisf.o)
 .bss           0x0000000080006024        0x0 /home/twccyoyo/riscv/riscv-gnu-toolchain/lib/gcc/riscv32-unknown-elf/8.2.0/libgcc.a(extendsfdf2.o)
 .bss           0x0000000080006024        0x0 /home/twccyoyo/riscv/riscv-gnu-toolchain/lib/gcc/riscv32-unknown-elf/8.2.0/libgcc.a(truncdfsf2.o)
 .bss           0x0000000080006024        0x0 /home/twccyoyo/riscv/riscv-gnu-toolchain/lib/gcc/riscv32-unknown-elf/8.2.0/libgcc.a(_clz.o)
 .bss           0x0000000080006024        0x0 /home/twccyoyo/riscv/riscv-gnu-toolchain/lib/gcc/riscv32-unknown-elf/8.2.0/libgcc.a(_clzsi2.o)
 *(.rodata*)
 .rodata.str1.4
                0x0000000080006024      0x64c dhry_1.o
                                        0x64f (size before relaxing)
 .rodata        0x0000000080006670      0x110 ../elibc/stdio.o
 .rodata        0x0000000080006780       0xcc ../elibc/stdlib.o
 .rodata        0x000000008000684c       0x3c /home/twccyoyo/riscv/riscv-gnu-toolchain/lib/gcc/riscv32-unknown-elf/8.2.0/libgcc.a(divdf3.o)
 .rodata        0x0000000080006888       0x3c /home/twccyoyo/riscv/riscv-gnu-toolchain/lib/gcc/riscv32-unknown-elf/8.2.0/libgcc.a(muldf3.o)
 .rodata        0x00000000800068c4       0x3c /home/twccyoyo/riscv/riscv-gnu-toolchain/lib/gcc/riscv32-unknown-elf/8.2.0/libgcc.a(divsf3.o)
 .rodata        0x0000000080006900      0x100 /home/twccyoyo/riscv/riscv-gnu-toolchain/lib/gcc/riscv32-unknown-elf/8.2.0/libgcc.a(_clz.o)
                0x0000000080006900                __clz_tab
LOAD boot.o
LOAD dhry_1.o
LOAD dhry_2.o
LOAD ../elibc/stdio.o
LOAD ../elibc/stdlib.o
LOAD ../elibc/heap_4.o
LOAD ../elibc/string.o
LOAD ../elibc/time.o
LOAD ../elibc/uart.o
LOAD /home/twccyoyo/riscv/riscv-gnu-toolchain/lib/gcc/riscv32-unknown-elf/8.2.0/libgcc.a
OUTPUT(_dhry.o elf32-littleriscv)

.sdata          0x0000000080006a00       0x24
 .sdata         0x0000000080006a00        0x4 boot.o
                0x0000000080006a00                stack_top
 .sdata         0x0000000080006a04       0x1c ../elibc/stdio.o
                0x0000000080006a14                stdin
                0x0000000080006a18                stdout
                0x0000000080006a1c                stderr
 .sdata         0x0000000080006a20        0x4 ../elibc/stdlib.o

.comment        0x0000000000000000       0x11
 .comment       0x0000000000000000       0x11 boot.o
                                         0x12 (size before relaxing)
 .comment       0x0000000000000011       0x12 dhry_1.o
 .comment       0x0000000000000011       0x12 dhry_2.o
 .comment       0x0000000000000011       0x12 ../elibc/stdio.o
 .comment       0x0000000000000011       0x12 ../elibc/stdlib.o
 .comment       0x0000000000000011       0x12 ../elibc/heap_4.o
 .comment       0x0000000000000011       0x12 ../elibc/string.o
 .comment       0x0000000000000011       0x12 ../elibc/time.o
 .comment       0x0000000000000011       0x12 ../elibc/uart.o
 .comment       0x0000000000000011       0x12 /home/twccyoyo/riscv/riscv-gnu-toolchain/lib/gcc/riscv32-unknown-elf/8.2.0/libgcc.a(_divdi3.o)
 .comment       0x0000000000000011       0x12 /home/twccyoyo/riscv/riscv-gnu-toolchain/lib/gcc/riscv32-unknown-elf/8.2.0/libgcc.a(adddf3.o)
 .comment       0x0000000000000011       0x12 /home/twccyoyo/riscv/riscv-gnu-toolchain/lib/gcc/riscv32-unknown-elf/8.2.0/libgcc.a(divdf3.o)
 .comment       0x0000000000000011       0x12 /home/twccyoyo/riscv/riscv-gnu-toolchain/lib/gcc/riscv32-unknown-elf/8.2.0/libgcc.a(ledf2.o)
 .comment       0x0000000000000011       0x12 /home/twccyoyo/riscv/riscv-gnu-toolchain/lib/gcc/riscv32-unknown-elf/8.2.0/libgcc.a(muldf3.o)
 .comment       0x0000000000000011       0x12 /home/twccyoyo/riscv/riscv-gnu-toolchain/lib/gcc/riscv32-unknown-elf/8.2.0/libgcc.a(subdf3.o)
 .comment       0x0000000000000011       0x12 /home/twccyoyo/riscv/riscv-gnu-toolchain/lib/gcc/riscv32-unknown-elf/8.2.0/libgcc.a(fixdfsi.o)
 .comment       0x0000000000000011       0x12 /home/twccyoyo/riscv/riscv-gnu-toolchain/lib/gcc/riscv32-unknown-elf/8.2.0/libgcc.a(floatsidf.o)
 .comment       0x0000000000000011       0x12 /home/twccyoyo/riscv/riscv-gnu-toolchain/lib/gcc/riscv32-unknown-elf/8.2.0/libgcc.a(divsf3.o)
 .comment       0x0000000000000011       0x12 /home/twccyoyo/riscv/riscv-gnu-toolchain/lib/gcc/riscv32-unknown-elf/8.2.0/libgcc.a(floatsisf.o)
 .comment       0x0000000000000011       0x12 /home/twccyoyo/riscv/riscv-gnu-toolchain/lib/gcc/riscv32-unknown-elf/8.2.0/libgcc.a(extendsfdf2.o)
 .comment       0x0000000000000011       0x12 /home/twccyoyo/riscv/riscv-gnu-toolchain/lib/gcc/riscv32-unknown-elf/8.2.0/libgcc.a(truncdfsf2.o)
 .comment       0x0000000000000011       0x12 /home/twccyoyo/riscv/riscv-gnu-toolchain/lib/gcc/riscv32-unknown-elf/8.2.0/libgcc.a(_clz.o)
 .comment       0x0000000000000011       0x12 /home/twccyoyo/riscv/riscv-gnu-toolchain/lib/gcc/riscv32-unknown-elf/8.2.0/libgcc.a(_clzsi2.o)

.riscv.attributes
                0x0000000000000000       0x21
 .riscv.attributes
                0x0000000000000000       0x21 boot.o
 .riscv.attributes
                0x0000000000000021       0x21 dhry_1.o
 .riscv.attributes
                0x0000000000000042       0x21 dhry_2.o
 .riscv.attributes
                0x0000000000000063       0x21 ../elibc/stdio.o
 .riscv.attributes
                0x0000000000000084       0x21 ../elibc/stdlib.o
 .riscv.attributes
                0x00000000000000a5       0x21 ../elibc/heap_4.o
 .riscv.attributes
                0x00000000000000c6       0x21 ../elibc/string.o
 .riscv.attributes
                0x00000000000000e7       0x21 ../elibc/time.o
 .riscv.attributes
                0x0000000000000108       0x21 ../elibc/uart.o
 .riscv.attributes
                0x0000000000000129       0x21 /home/twccyoyo/riscv/riscv-gnu-toolchain/lib/gcc/riscv32-unknown-elf/8.2.0/libgcc.a(_divdi3.o)
 .riscv.attributes
                0x000000000000014a       0x21 /home/twccyoyo/riscv/riscv-gnu-toolchain/lib/gcc/riscv32-unknown-elf/8.2.0/libgcc.a(adddf3.o)
 .riscv.attributes
                0x000000000000016b       0x21 /home/twccyoyo/riscv/riscv-gnu-toolchain/lib/gcc/riscv32-unknown-elf/8.2.0/libgcc.a(divdf3.o)
 .riscv.attributes
                0x000000000000018c       0x21 /home/twccyoyo/riscv/riscv-gnu-toolchain/lib/gcc/riscv32-unknown-elf/8.2.0/libgcc.a(ledf2.o)
 .riscv.attributes
                0x00000000000001ad       0x21 /home/twccyoyo/riscv/riscv-gnu-toolchain/lib/gcc/riscv32-unknown-elf/8.2.0/libgcc.a(muldf3.o)
 .riscv.attributes
                0x00000000000001ce       0x21 /home/twccyoyo/riscv/riscv-gnu-toolchain/lib/gcc/riscv32-unknown-elf/8.2.0/libgcc.a(subdf3.o)
 .riscv.attributes
                0x00000000000001ef       0x21 /home/twccyoyo/riscv/riscv-gnu-toolchain/lib/gcc/riscv32-unknown-elf/8.2.0/libgcc.a(fixdfsi.o)
 .riscv.attributes
                0x0000000000000210       0x21 /home/twccyoyo/riscv/riscv-gnu-toolchain/lib/gcc/riscv32-unknown-elf/8.2.0/libgcc.a(floatsidf.o)
 .riscv.attributes
                0x0000000000000231       0x21 /home/twccyoyo/riscv/riscv-gnu-toolchain/lib/gcc/riscv32-unknown-elf/8.2.0/libgcc.a(divsf3.o)
 .riscv.attributes
                0x0000000000000252       0x21 /home/twccyoyo/riscv/riscv-gnu-toolchain/lib/gcc/riscv32-unknown-elf/8.2.0/libgcc.a(floatsisf.o)
 .riscv.attributes
                0x0000000000000273       0x21 /home/twccyoyo/riscv/riscv-gnu-toolchain/lib/gcc/riscv32-unknown-elf/8.2.0/libgcc.a(extendsfdf2.o)
 .riscv.attributes
                0x0000000000000294       0x21 /home/twccyoyo/riscv/riscv-gnu-toolchain/lib/gcc/riscv32-unknown-elf/8.2.0/libgcc.a(truncdfsf2.o)
 .riscv.attributes
                0x00000000000002b5       0x21 /home/twccyoyo/riscv/riscv-gnu-toolchain/lib/gcc/riscv32-unknown-elf/8.2.0/libgcc.a(_clz.o)
 .riscv.attributes
                0x00000000000002d6       0x21 /home/twccyoyo/riscv/riscv-gnu-toolchain/lib/gcc/riscv32-unknown-elf/8.2.0/libgcc.a(_clzsi2.o)

.bss            0x0000000080006a24     0x2808
 COMMON         0x0000000080006a24        0x4 boot.o
                0x0000000080006a24                sp_store
 COMMON         0x0000000080006a28     0x2804 dhry_1.o
                0x0000000080006a28                Microseconds
                0x0000000080006a2c                Dhrystones_Per_Second
                0x0000000080006a30                User_Time
                0x0000000080006a34                Begin_Time
                0x0000000080006a38                Arr_2_Glob
                0x0000000080009148                End_Time
                0x000000008000914c                Next_Ptr_Glob
                0x0000000080009150                Int_Glob
                0x0000000080009154                Ch_1_Glob
                0x0000000080009155                Ch_2_Glob
                0x0000000080009158                Ptr_Glob
                0x000000008000915c                Vax_Mips
                0x0000000080009160                Arr_1_Glob
                0x0000000080009228                Bool_Glob

.sbss           0x000000008000922c        0x4
 .sbss          0x000000008000922c        0x4 dhry_1.o
                0x000000008000922c                Reg

.debug_info     0x0000000000000000     0x5676
 .debug_info    0x0000000000000000     0x127b /home/twccyoyo/riscv/riscv-gnu-toolchain/lib/gcc/riscv32-unknown-elf/8.2.0/libgcc.a(_divdi3.o)
 .debug_info    0x000000000000127b      0x599 /home/twccyoyo/riscv/riscv-gnu-toolchain/lib/gcc/riscv32-unknown-elf/8.2.0/libgcc.a(adddf3.o)
 .debug_info    0x0000000000001814      0x730 /home/twccyoyo/riscv/riscv-gnu-toolchain/lib/gcc/riscv32-unknown-elf/8.2.0/libgcc.a(divdf3.o)
 .debug_info    0x0000000000001f44      0x286 /home/twccyoyo/riscv/riscv-gnu-toolchain/lib/gcc/riscv32-unknown-elf/8.2.0/libgcc.a(ledf2.o)
 .debug_info    0x00000000000021ca      0x75c /home/twccyoyo/riscv/riscv-gnu-toolchain/lib/gcc/riscv32-unknown-elf/8.2.0/libgcc.a(muldf3.o)
 .debug_info    0x0000000000002926      0x599 /home/twccyoyo/riscv/riscv-gnu-toolchain/lib/gcc/riscv32-unknown-elf/8.2.0/libgcc.a(subdf3.o)
 .debug_info    0x0000000000002ebf      0x21a /home/twccyoyo/riscv/riscv-gnu-toolchain/lib/gcc/riscv32-unknown-elf/8.2.0/libgcc.a(fixdfsi.o)
 .debug_info    0x00000000000030d9      0x2bc /home/twccyoyo/riscv/riscv-gnu-toolchain/lib/gcc/riscv32-unknown-elf/8.2.0/libgcc.a(floatsidf.o)
 .debug_info    0x0000000000003395      0x3bb /home/twccyoyo/riscv/riscv-gnu-toolchain/lib/gcc/riscv32-unknown-elf/8.2.0/libgcc.a(divsf3.o)
 .debug_info    0x0000000000003750      0x25d /home/twccyoyo/riscv/riscv-gnu-toolchain/lib/gcc/riscv32-unknown-elf/8.2.0/libgcc.a(floatsisf.o)
 .debug_info    0x00000000000039ad      0x2ac /home/twccyoyo/riscv/riscv-gnu-toolchain/lib/gcc/riscv32-unknown-elf/8.2.0/libgcc.a(extendsfdf2.o)
 .debug_info    0x0000000000003c59      0x2dc /home/twccyoyo/riscv/riscv-gnu-toolchain/lib/gcc/riscv32-unknown-elf/8.2.0/libgcc.a(truncdfsf2.o)
 .debug_info    0x0000000000003f35      0xb6a /home/twccyoyo/riscv/riscv-gnu-toolchain/lib/gcc/riscv32-unknown-elf/8.2.0/libgcc.a(_clz.o)
 .debug_info    0x0000000000004a9f      0xbd7 /home/twccyoyo/riscv/riscv-gnu-toolchain/lib/gcc/riscv32-unknown-elf/8.2.0/libgcc.a(_clzsi2.o)

.debug_abbrev   0x0000000000000000     0x17f4
 .debug_abbrev  0x0000000000000000      0x2e4 /home/twccyoyo/riscv/riscv-gnu-toolchain/lib/gcc/riscv32-unknown-elf/8.2.0/libgcc.a(_divdi3.o)
 .debug_abbrev  0x00000000000002e4      0x196 /home/twccyoyo/riscv/riscv-gnu-toolchain/lib/gcc/riscv32-unknown-elf/8.2.0/libgcc.a(adddf3.o)
 .debug_abbrev  0x000000000000047a      0x187 /home/twccyoyo/riscv/riscv-gnu-toolchain/lib/gcc/riscv32-unknown-elf/8.2.0/libgcc.a(divdf3.o)
 .debug_abbrev  0x0000000000000601      0x199 /home/twccyoyo/riscv/riscv-gnu-toolchain/lib/gcc/riscv32-unknown-elf/8.2.0/libgcc.a(ledf2.o)
 .debug_abbrev  0x000000000000079a      0x18e /home/twccyoyo/riscv/riscv-gnu-toolchain/lib/gcc/riscv32-unknown-elf/8.2.0/libgcc.a(muldf3.o)
 .debug_abbrev  0x0000000000000928      0x196 /home/twccyoyo/riscv/riscv-gnu-toolchain/lib/gcc/riscv32-unknown-elf/8.2.0/libgcc.a(subdf3.o)
 .debug_abbrev  0x0000000000000abe      0x18a /home/twccyoyo/riscv/riscv-gnu-toolchain/lib/gcc/riscv32-unknown-elf/8.2.0/libgcc.a(fixdfsi.o)
 .debug_abbrev  0x0000000000000c48      0x178 /home/twccyoyo/riscv/riscv-gnu-toolchain/lib/gcc/riscv32-unknown-elf/8.2.0/libgcc.a(floatsidf.o)
 .debug_abbrev  0x0000000000000dc0      0x16f /home/twccyoyo/riscv/riscv-gnu-toolchain/lib/gcc/riscv32-unknown-elf/8.2.0/libgcc.a(divsf3.o)
 .debug_abbrev  0x0000000000000f2f      0x198 /home/twccyoyo/riscv/riscv-gnu-toolchain/lib/gcc/riscv32-unknown-elf/8.2.0/libgcc.a(floatsisf.o)
 .debug_abbrev  0x00000000000010c7      0x17b /home/twccyoyo/riscv/riscv-gnu-toolchain/lib/gcc/riscv32-unknown-elf/8.2.0/libgcc.a(extendsfdf2.o)
 .debug_abbrev  0x0000000000001242      0x188 /home/twccyoyo/riscv/riscv-gnu-toolchain/lib/gcc/riscv32-unknown-elf/8.2.0/libgcc.a(truncdfsf2.o)
 .debug_abbrev  0x00000000000013ca      0x1e8 /home/twccyoyo/riscv/riscv-gnu-toolchain/lib/gcc/riscv32-unknown-elf/8.2.0/libgcc.a(_clz.o)
 .debug_abbrev  0x00000000000015b2      0x242 /home/twccyoyo/riscv/riscv-gnu-toolchain/lib/gcc/riscv32-unknown-elf/8.2.0/libgcc.a(_clzsi2.o)

.debug_loc      0x0000000000000000     0x5eb7
 .debug_loc     0x0000000000000000      0xa0c /home/twccyoyo/riscv/riscv-gnu-toolchain/lib/gcc/riscv32-unknown-elf/8.2.0/libgcc.a(_divdi3.o)
 .debug_loc     0x0000000000000a0c     0x119d /home/twccyoyo/riscv/riscv-gnu-toolchain/lib/gcc/riscv32-unknown-elf/8.2.0/libgcc.a(adddf3.o)
 .debug_loc     0x0000000000001ba9     0x10fe /home/twccyoyo/riscv/riscv-gnu-toolchain/lib/gcc/riscv32-unknown-elf/8.2.0/libgcc.a(divdf3.o)
 .debug_loc     0x0000000000002ca7      0x135 /home/twccyoyo/riscv/riscv-gnu-toolchain/lib/gcc/riscv32-unknown-elf/8.2.0/libgcc.a(ledf2.o)
 .debug_loc     0x0000000000002ddc      0xd9a /home/twccyoyo/riscv/riscv-gnu-toolchain/lib/gcc/riscv32-unknown-elf/8.2.0/libgcc.a(muldf3.o)
 .debug_loc     0x0000000000003b76     0x1208 /home/twccyoyo/riscv/riscv-gnu-toolchain/lib/gcc/riscv32-unknown-elf/8.2.0/libgcc.a(subdf3.o)
 .debug_loc     0x0000000000004d7e      0x181 /home/twccyoyo/riscv/riscv-gnu-toolchain/lib/gcc/riscv32-unknown-elf/8.2.0/libgcc.a(fixdfsi.o)
 .debug_loc     0x0000000000004eff      0x159 /home/twccyoyo/riscv/riscv-gnu-toolchain/lib/gcc/riscv32-unknown-elf/8.2.0/libgcc.a(floatsidf.o)
 .debug_loc     0x0000000000005058      0x758 /home/twccyoyo/riscv/riscv-gnu-toolchain/lib/gcc/riscv32-unknown-elf/8.2.0/libgcc.a(divsf3.o)
 .debug_loc     0x00000000000057b0      0x191 /home/twccyoyo/riscv/riscv-gnu-toolchain/lib/gcc/riscv32-unknown-elf/8.2.0/libgcc.a(floatsisf.o)
 .debug_loc     0x0000000000005941      0x1c4 /home/twccyoyo/riscv/riscv-gnu-toolchain/lib/gcc/riscv32-unknown-elf/8.2.0/libgcc.a(extendsfdf2.o)
 .debug_loc     0x0000000000005b05      0x347 /home/twccyoyo/riscv/riscv-gnu-toolchain/lib/gcc/riscv32-unknown-elf/8.2.0/libgcc.a(truncdfsf2.o)
 .debug_loc     0x0000000000005e4c       0x6b /home/twccyoyo/riscv/riscv-gnu-toolchain/lib/gcc/riscv32-unknown-elf/8.2.0/libgcc.a(_clzsi2.o)

.debug_aranges  0x0000000000000000      0x1b8
 .debug_aranges
                0x0000000000000000       0x20 /home/twccyoyo/riscv/riscv-gnu-toolchain/lib/gcc/riscv32-unknown-elf/8.2.0/libgcc.a(_divdi3.o)
 .debug_aranges
                0x0000000000000020       0x20 /home/twccyoyo/riscv/riscv-gnu-toolchain/lib/gcc/riscv32-unknown-elf/8.2.0/libgcc.a(adddf3.o)
 .debug_aranges
                0x0000000000000040       0x20 /home/twccyoyo/riscv/riscv-gnu-toolchain/lib/gcc/riscv32-unknown-elf/8.2.0/libgcc.a(divdf3.o)
 .debug_aranges
                0x0000000000000060       0x20 /home/twccyoyo/riscv/riscv-gnu-toolchain/lib/gcc/riscv32-unknown-elf/8.2.0/libgcc.a(ledf2.o)
 .debug_aranges
                0x0000000000000080       0x20 /home/twccyoyo/riscv/riscv-gnu-toolchain/lib/gcc/riscv32-unknown-elf/8.2.0/libgcc.a(muldf3.o)
 .debug_aranges
                0x00000000000000a0       0x20 /home/twccyoyo/riscv/riscv-gnu-toolchain/lib/gcc/riscv32-unknown-elf/8.2.0/libgcc.a(subdf3.o)
 .debug_aranges
                0x00000000000000c0       0x20 /home/twccyoyo/riscv/riscv-gnu-toolchain/lib/gcc/riscv32-unknown-elf/8.2.0/libgcc.a(fixdfsi.o)
 .debug_aranges
                0x00000000000000e0       0x20 /home/twccyoyo/riscv/riscv-gnu-toolchain/lib/gcc/riscv32-unknown-elf/8.2.0/libgcc.a(floatsidf.o)
 .debug_aranges
                0x0000000000000100       0x20 /home/twccyoyo/riscv/riscv-gnu-toolchain/lib/gcc/riscv32-unknown-elf/8.2.0/libgcc.a(divsf3.o)
 .debug_aranges
                0x0000000000000120       0x20 /home/twccyoyo/riscv/riscv-gnu-toolchain/lib/gcc/riscv32-unknown-elf/8.2.0/libgcc.a(floatsisf.o)
 .debug_aranges
                0x0000000000000140       0x20 /home/twccyoyo/riscv/riscv-gnu-toolchain/lib/gcc/riscv32-unknown-elf/8.2.0/libgcc.a(extendsfdf2.o)
 .debug_aranges
                0x0000000000000160       0x20 /home/twccyoyo/riscv/riscv-gnu-toolchain/lib/gcc/riscv32-unknown-elf/8.2.0/libgcc.a(truncdfsf2.o)
 .debug_aranges
                0x0000000000000180       0x18 /home/twccyoyo/riscv/riscv-gnu-toolchain/lib/gcc/riscv32-unknown-elf/8.2.0/libgcc.a(_clz.o)
 .debug_aranges
                0x0000000000000198       0x20 /home/twccyoyo/riscv/riscv-gnu-toolchain/lib/gcc/riscv32-unknown-elf/8.2.0/libgcc.a(_clzsi2.o)

.debug_ranges   0x0000000000000000      0xb80
 .debug_ranges  0x0000000000000000       0xf8 /home/twccyoyo/riscv/riscv-gnu-toolchain/lib/gcc/riscv32-unknown-elf/8.2.0/libgcc.a(_divdi3.o)
 .debug_ranges  0x00000000000000f8      0x228 /home/twccyoyo/riscv/riscv-gnu-toolchain/lib/gcc/riscv32-unknown-elf/8.2.0/libgcc.a(adddf3.o)
 .debug_ranges  0x0000000000000320      0x198 /home/twccyoyo/riscv/riscv-gnu-toolchain/lib/gcc/riscv32-unknown-elf/8.2.0/libgcc.a(divdf3.o)
 .debug_ranges  0x00000000000004b8       0x50 /home/twccyoyo/riscv/riscv-gnu-toolchain/lib/gcc/riscv32-unknown-elf/8.2.0/libgcc.a(ledf2.o)
 .debug_ranges  0x0000000000000508      0x230 /home/twccyoyo/riscv/riscv-gnu-toolchain/lib/gcc/riscv32-unknown-elf/8.2.0/libgcc.a(muldf3.o)
 .debug_ranges  0x0000000000000738      0x220 /home/twccyoyo/riscv/riscv-gnu-toolchain/lib/gcc/riscv32-unknown-elf/8.2.0/libgcc.a(subdf3.o)
 .debug_ranges  0x0000000000000958       0x18 /home/twccyoyo/riscv/riscv-gnu-toolchain/lib/gcc/riscv32-unknown-elf/8.2.0/libgcc.a(fixdfsi.o)
 .debug_ranges  0x0000000000000970       0x68 /home/twccyoyo/riscv/riscv-gnu-toolchain/lib/gcc/riscv32-unknown-elf/8.2.0/libgcc.a(floatsidf.o)
 .debug_ranges  0x00000000000009d8       0xc0 /home/twccyoyo/riscv/riscv-gnu-toolchain/lib/gcc/riscv32-unknown-elf/8.2.0/libgcc.a(divsf3.o)
 .debug_ranges  0x0000000000000a98       0x50 /home/twccyoyo/riscv/riscv-gnu-toolchain/lib/gcc/riscv32-unknown-elf/8.2.0/libgcc.a(floatsisf.o)
 .debug_ranges  0x0000000000000ae8       0x38 /home/twccyoyo/riscv/riscv-gnu-toolchain/lib/gcc/riscv32-unknown-elf/8.2.0/libgcc.a(extendsfdf2.o)
 .debug_ranges  0x0000000000000b20       0x40 /home/twccyoyo/riscv/riscv-gnu-toolchain/lib/gcc/riscv32-unknown-elf/8.2.0/libgcc.a(truncdfsf2.o)
 .debug_ranges  0x0000000000000b60       0x20 /home/twccyoyo/riscv/riscv-gnu-toolchain/lib/gcc/riscv32-unknown-elf/8.2.0/libgcc.a(_clzsi2.o)

.debug_line     0x0000000000000000     0x6923
 .debug_line    0x0000000000000000      0x9d1 /home/twccyoyo/riscv/riscv-gnu-toolchain/lib/gcc/riscv32-unknown-elf/8.2.0/libgcc.a(_divdi3.o)
 .debug_line    0x00000000000009d1     0x1043 /home/twccyoyo/riscv/riscv-gnu-toolchain/lib/gcc/riscv32-unknown-elf/8.2.0/libgcc.a(adddf3.o)
 .debug_line    0x0000000000001a14      0xf99 /home/twccyoyo/riscv/riscv-gnu-toolchain/lib/gcc/riscv32-unknown-elf/8.2.0/libgcc.a(divdf3.o)
 .debug_line    0x00000000000029ad      0x321 /home/twccyoyo/riscv/riscv-gnu-toolchain/lib/gcc/riscv32-unknown-elf/8.2.0/libgcc.a(ledf2.o)
 .debug_line    0x0000000000002cce      0xdd4 /home/twccyoyo/riscv/riscv-gnu-toolchain/lib/gcc/riscv32-unknown-elf/8.2.0/libgcc.a(muldf3.o)
 .debug_line    0x0000000000003aa2     0x10a2 /home/twccyoyo/riscv/riscv-gnu-toolchain/lib/gcc/riscv32-unknown-elf/8.2.0/libgcc.a(subdf3.o)
 .debug_line    0x0000000000004b44      0x243 /home/twccyoyo/riscv/riscv-gnu-toolchain/lib/gcc/riscv32-unknown-elf/8.2.0/libgcc.a(fixdfsi.o)
 .debug_line    0x0000000000004d87      0x27d /home/twccyoyo/riscv/riscv-gnu-toolchain/lib/gcc/riscv32-unknown-elf/8.2.0/libgcc.a(floatsidf.o)
 .debug_line    0x0000000000005004      0x880 /home/twccyoyo/riscv/riscv-gnu-toolchain/lib/gcc/riscv32-unknown-elf/8.2.0/libgcc.a(divsf3.o)
 .debug_line    0x0000000000005884      0x36b /home/twccyoyo/riscv/riscv-gnu-toolchain/lib/gcc/riscv32-unknown-elf/8.2.0/libgcc.a(floatsisf.o)
 .debug_line    0x0000000000005bef      0x3d7 /home/twccyoyo/riscv/riscv-gnu-toolchain/lib/gcc/riscv32-unknown-elf/8.2.0/libgcc.a(extendsfdf2.o)
 .debug_line    0x0000000000005fc6      0x489 /home/twccyoyo/riscv/riscv-gnu-toolchain/lib/gcc/riscv32-unknown-elf/8.2.0/libgcc.a(truncdfsf2.o)
 .debug_line    0x000000000000644f      0x224 /home/twccyoyo/riscv/riscv-gnu-toolchain/lib/gcc/riscv32-unknown-elf/8.2.0/libgcc.a(_clz.o)
 .debug_line    0x0000000000006673      0x2b0 /home/twccyoyo/riscv/riscv-gnu-toolchain/lib/gcc/riscv32-unknown-elf/8.2.0/libgcc.a(_clzsi2.o)

.debug_str      0x0000000000000000     0x1064
 .debug_str     0x0000000000000000      0x7e5 /home/twccyoyo/riscv/riscv-gnu-toolchain/lib/gcc/riscv32-unknown-elf/8.2.0/libgcc.a(_divdi3.o)
                                        0x865 (size before relaxing)
 .debug_str     0x00000000000007e5      0x230 /home/twccyoyo/riscv/riscv-gnu-toolchain/lib/gcc/riscv32-unknown-elf/8.2.0/libgcc.a(adddf3.o)
                                        0x32c (size before relaxing)
 .debug_str     0x0000000000000a15      0x198 /home/twccyoyo/riscv/riscv-gnu-toolchain/lib/gcc/riscv32-unknown-elf/8.2.0/libgcc.a(divdf3.o)
                                        0x3ee (size before relaxing)
 .debug_str     0x0000000000000bad       0x77 /home/twccyoyo/riscv/riscv-gnu-toolchain/lib/gcc/riscv32-unknown-elf/8.2.0/libgcc.a(ledf2.o)
                                        0x26a (size before relaxing)
 .debug_str     0x0000000000000c24      0x15b /home/twccyoyo/riscv/riscv-gnu-toolchain/lib/gcc/riscv32-unknown-elf/8.2.0/libgcc.a(muldf3.o)
                                        0x446 (size before relaxing)
 .debug_str     0x0000000000000d7f       0x36 /home/twccyoyo/riscv/riscv-gnu-toolchain/lib/gcc/riscv32-unknown-elf/8.2.0/libgcc.a(subdf3.o)
                                        0x32c (size before relaxing)
 .debug_str     0x0000000000000db5       0x4b /home/twccyoyo/riscv/riscv-gnu-toolchain/lib/gcc/riscv32-unknown-elf/8.2.0/libgcc.a(fixdfsi.o)
                                        0x243 (size before relaxing)
 .debug_str     0x0000000000000e00       0x69 /home/twccyoyo/riscv/riscv-gnu-toolchain/lib/gcc/riscv32-unknown-elf/8.2.0/libgcc.a(floatsidf.o)
                                        0x2d9 (size before relaxing)
 .debug_str     0x0000000000000e69      0x116 /home/twccyoyo/riscv/riscv-gnu-toolchain/lib/gcc/riscv32-unknown-elf/8.2.0/libgcc.a(divsf3.o)
                                        0x359 (size before relaxing)
 .debug_str     0x0000000000000f7f       0x51 /home/twccyoyo/riscv/riscv-gnu-toolchain/lib/gcc/riscv32-unknown-elf/8.2.0/libgcc.a(floatsisf.o)
                                        0x2ba (size before relaxing)
 .debug_str     0x0000000000000fd0       0x4d /home/twccyoyo/riscv/riscv-gnu-toolchain/lib/gcc/riscv32-unknown-elf/8.2.0/libgcc.a(extendsfdf2.o)
                                        0x267 (size before relaxing)
 .debug_str     0x000000000000101d       0x3e /home/twccyoyo/riscv/riscv-gnu-toolchain/lib/gcc/riscv32-unknown-elf/8.2.0/libgcc.a(truncdfsf2.o)
                                        0x2c5 (size before relaxing)
 .debug_str     0x000000000000105b      0x7ad /home/twccyoyo/riscv/riscv-gnu-toolchain/lib/gcc/riscv32-unknown-elf/8.2.0/libgcc.a(_clz.o)
 .debug_str     0x000000000000105b        0x9 /home/twccyoyo/riscv/riscv-gnu-toolchain/lib/gcc/riscv32-unknown-elf/8.2.0/libgcc.a(_clzsi2.o)
                                        0x7ca (size before relaxing)

.debug_frame    0x0000000000000000      0x2a8
 .debug_frame   0x0000000000000000       0x44 /home/twccyoyo/riscv/riscv-gnu-toolchain/lib/gcc/riscv32-unknown-elf/8.2.0/libgcc.a(adddf3.o)
 .debug_frame   0x0000000000000044       0x58 /home/twccyoyo/riscv/riscv-gnu-toolchain/lib/gcc/riscv32-unknown-elf/8.2.0/libgcc.a(divdf3.o)
 .debug_frame   0x000000000000009c       0x20 /home/twccyoyo/riscv/riscv-gnu-toolchain/lib/gcc/riscv32-unknown-elf/8.2.0/libgcc.a(ledf2.o)
 .debug_frame   0x00000000000000bc       0x54 /home/twccyoyo/riscv/riscv-gnu-toolchain/lib/gcc/riscv32-unknown-elf/8.2.0/libgcc.a(muldf3.o)
 .debug_frame   0x0000000000000110       0x44 /home/twccyoyo/riscv/riscv-gnu-toolchain/lib/gcc/riscv32-unknown-elf/8.2.0/libgcc.a(subdf3.o)
 .debug_frame   0x0000000000000154       0x20 /home/twccyoyo/riscv/riscv-gnu-toolchain/lib/gcc/riscv32-unknown-elf/8.2.0/libgcc.a(fixdfsi.o)
 .debug_frame   0x0000000000000174       0x38 /home/twccyoyo/riscv/riscv-gnu-toolchain/lib/gcc/riscv32-unknown-elf/8.2.0/libgcc.a(floatsidf.o)
 .debug_frame   0x00000000000001ac       0x4c /home/twccyoyo/riscv/riscv-gnu-toolchain/lib/gcc/riscv32-unknown-elf/8.2.0/libgcc.a(divsf3.o)
 .debug_frame   0x00000000000001f8       0x38 /home/twccyoyo/riscv/riscv-gnu-toolchain/lib/gcc/riscv32-unknown-elf/8.2.0/libgcc.a(floatsisf.o)
 .debug_frame   0x0000000000000230       0x38 /home/twccyoyo/riscv/riscv-gnu-toolchain/lib/gcc/riscv32-unknown-elf/8.2.0/libgcc.a(extendsfdf2.o)
 .debug_frame   0x0000000000000268       0x20 /home/twccyoyo/riscv/riscv-gnu-toolchain/lib/gcc/riscv32-unknown-elf/8.2.0/libgcc.a(truncdfsf2.o)
 .debug_frame   0x0000000000000288       0x20 /home/twccyoyo/riscv/riscv-gnu-toolchain/lib/gcc/riscv32-unknown-elf/8.2.0/libgcc.a(_clzsi2.o)
