Archive member included to satisfy reference by file (symbol)

/home/twccyoyo/riscv/riscv-gnu-toolchain/lib/gcc/riscv32-unknown-elf/8.2.0/libgcc.a(_divdi3.o)
                              ../elibc/time.o (__divdi3)
/home/twccyoyo/riscv/riscv-gnu-toolchain/lib/gcc/riscv32-unknown-elf/8.2.0/libgcc.a(adddf3.o)
                              ../elibc/stdio.o (__adddf3)
/home/twccyoyo/riscv/riscv-gnu-toolchain/lib/gcc/riscv32-unknown-elf/8.2.0/libgcc.a(divdf3.o)
                              dhry_1.o (__divdf3)
/home/twccyoyo/riscv/riscv-gnu-toolchain/lib/gcc/riscv32-unknown-elf/8.2.0/libgcc.a(ledf2.o)
                              ../elibc/stdio.o (__ltdf2)
/home/twccyoyo/riscv/riscv-gnu-toolchain/lib/gcc/riscv32-unknown-elf/8.2.0/libgcc.a(muldf3.o)
                              dhry_1.o (__muldf3)
/home/twccyoyo/riscv/riscv-gnu-toolchain/lib/gcc/riscv32-unknown-elf/8.2.0/libgcc.a(subdf3.o)
                              ../elibc/stdio.o (__subdf3)
/home/twccyoyo/riscv/riscv-gnu-toolchain/lib/gcc/riscv32-unknown-elf/8.2.0/libgcc.a(fixdfsi.o)
                              ../elibc/stdio.o (__fixdfsi)
/home/twccyoyo/riscv/riscv-gnu-toolchain/lib/gcc/riscv32-unknown-elf/8.2.0/libgcc.a(floatsidf.o)
                              ../elibc/stdio.o (__floatsidf)
/home/twccyoyo/riscv/riscv-gnu-toolchain/lib/gcc/riscv32-unknown-elf/8.2.0/libgcc.a(divsf3.o)
                              dhry_1.o (__divsf3)
/home/twccyoyo/riscv/riscv-gnu-toolchain/lib/gcc/riscv32-unknown-elf/8.2.0/libgcc.a(floatsisf.o)
                              dhry_1.o (__floatsisf)
/home/twccyoyo/riscv/riscv-gnu-toolchain/lib/gcc/riscv32-unknown-elf/8.2.0/libgcc.a(extendsfdf2.o)
                              dhry_1.o (__extendsfdf2)
/home/twccyoyo/riscv/riscv-gnu-toolchain/lib/gcc/riscv32-unknown-elf/8.2.0/libgcc.a(truncdfsf2.o)
                              dhry_1.o (__truncdfsf2)
/home/twccyoyo/riscv/riscv-gnu-toolchain/lib/gcc/riscv32-unknown-elf/8.2.0/libgcc.a(_clz.o)
                              /home/twccyoyo/riscv/riscv-gnu-toolchain/lib/gcc/riscv32-unknown-elf/8.2.0/libgcc.a(_divdi3.o) (__clz_tab)
/home/twccyoyo/riscv/riscv-gnu-toolchain/lib/gcc/riscv32-unknown-elf/8.2.0/libgcc.a(_clzsi2.o)
                              /home/twccyoyo/riscv/riscv-gnu-toolchain/lib/gcc/riscv32-unknown-elf/8.2.0/libgcc.a(adddf3.o) (__clzsi2)

Allocating common symbols
Common symbol       size              file

Microseconds        0x4               dhry_1.o
Dhrystones_Per_Second
                    0x4               dhry_1.o
User_Time           0x4               dhry_1.o
Begin_Time          0x4               dhry_1.o
Arr_2_Glob          0x2710            dhry_1.o
End_Time            0x4               dhry_1.o
Next_Ptr_Glob       0x4               dhry_1.o
Int_Glob            0x4               dhry_1.o
Ch_1_Glob           0x1               dhry_1.o
Ch_2_Glob           0x1               dhry_1.o
Ptr_Glob            0x4               dhry_1.o
Vax_Mips            0x4               dhry_1.o
Arr_1_Glob          0xc8              dhry_1.o
Bool_Glob           0x4               dhry_1.o
sp_store            0x4               boot.o

Memory Configuration

Name             Origin             Length             Attributes
code_ram         0x0000000080001000 0x0000000000005000 xr !rw
data_ram         0x0000000080006000 0x0000000000004000 rw !x
*default*        0x0000000000000000 0xffffffffffffffff

Linker script and memory map

                0x000000008000a000                __heap_start = 0x8000a000
                0x0000000000005000                __heap_size = 0x5000
                0x000000008000fff0                __stack_top = 0x8000fff0

.text           0x0000000080001000     0x3afc
 boot.o(.text)
 .text          0x0000000080001000       0x30 boot.o
                0x0000000080001000                boot
 *(.text)
 .text          0x0000000080001030      0x204 dhry_1.o
                0x0000000080001030                Proc_2
                0x0000000080001060                Proc_3
                0x000000008000108c                Proc_1
                0x00000000800011ec                Proc_4
                0x000000008000121c                Proc_5
 .text          0x0000000080001234      0x15c dhry_2.o
                0x0000000080001234                Proc_6
                0x0000000080001288                Proc_7
                0x0000000080001298                Proc_8
                0x0000000080001300                Func_1
                0x0000000080001324                Func_2
                0x0000000080001384                Func_3
 .text          0x0000000080001390      0x734 ../elibc/stdio.o
                0x0000000080001390                getchar
                0x00000000800013a8                putchar
                0x00000000800013d4                fputs
                0x0000000080001454                fgets
                0x0000000080001518                putd
                0x00000000800015e8                putx
                0x00000000800016cc                putf
                0x0000000080001860                printf
 .text          0x0000000080001ac4      0x170 ../elibc/stdlib.o
                0x0000000080001ac4                malloc
                0x0000000080001ac8                free
                0x0000000080001acc                calloc
                0x0000000080001b10                atoi
                0x0000000080001ba8                abs
                0x0000000080001bb8                exit
                0x0000000080001bf8                srand
                0x0000000080001c04                rand
 .text          0x0000000080001c34      0x258 ../elibc/heap_4.o
                0x0000000080001ca4                empty
                0x0000000080001ca8                pvPortMalloc
                0x0000000080001e28                vPortFree
                0x0000000080001e70                xPortGetFreeHeapSize
                0x0000000080001e7c                xPortGetMinimumEverFreeHeapSize
                0x0000000080001e88                vPortInitialiseBlocks
 .text          0x0000000080001e8c      0x268 ../elibc/string.o
                0x0000000080001e8c                memcpy
                0x0000000080001eb0                memmove
                0x0000000080001f0c                memset
                0x0000000080001f2c                strlen
                0x0000000080001f54                strcpy
                0x0000000080001f7c                strncpy
                0x0000000080001fd4                strcat
                0x0000000080002018                strncat
                0x000000008000206c                strcmp
                0x00000000800020ac                strncmp
 .text          0x00000000800020f4       0x28 ../elibc/time.o
                0x00000000800020f4                clock
 .text          0x000000008000211c       0x58 ../elibc/uart.o
                0x000000008000211c                inbyte
                0x0000000080002138                outbyte
 .text          0x0000000080002174      0x480 /home/twccyoyo/riscv/riscv-gnu-toolchain/lib/gcc/riscv32-unknown-elf/8.2.0/libgcc.a(_divdi3.o)
                0x0000000080002174                __divdi3
 .text          0x00000000800025f4      0x7bc /home/twccyoyo/riscv/riscv-gnu-toolchain/lib/gcc/riscv32-unknown-elf/8.2.0/libgcc.a(adddf3.o)
                0x00000000800025f4                __adddf3
 .text          0x0000000080002db0      0x6e0 /home/twccyoyo/riscv/riscv-gnu-toolchain/lib/gcc/riscv32-unknown-elf/8.2.0/libgcc.a(divdf3.o)
                0x0000000080002db0                __divdf3
 .text          0x0000000080003490       0xe4 /home/twccyoyo/riscv/riscv-gnu-toolchain/lib/gcc/riscv32-unknown-elf/8.2.0/libgcc.a(ledf2.o)
                0x0000000080003490                __ltdf2
                0x0000000080003490                __ledf2
 .text          0x0000000080003574      0x5c4 /home/twccyoyo/riscv/riscv-gnu-toolchain/lib/gcc/riscv32-unknown-elf/8.2.0/libgcc.a(muldf3.o)
                0x0000000080003574                __muldf3
 .text          0x0000000080003b38      0x7c8 /home/twccyoyo/riscv/riscv-gnu-toolchain/lib/gcc/riscv32-unknown-elf/8.2.0/libgcc.a(subdf3.o)
                0x0000000080003b38                __subdf3
 .text          0x0000000080004300       0x80 /home/twccyoyo/riscv/riscv-gnu-toolchain/lib/gcc/riscv32-unknown-elf/8.2.0/libgcc.a(fixdfsi.o)
                0x0000000080004300                __fixdfsi
 .text          0x0000000080004380       0xa8 /home/twccyoyo/riscv/riscv-gnu-toolchain/lib/gcc/riscv32-unknown-elf/8.2.0/libgcc.a(floatsidf.o)
                0x0000000080004380                __floatsidf
 .text          0x0000000080004428      0x32c /home/twccyoyo/riscv/riscv-gnu-toolchain/lib/gcc/riscv32-unknown-elf/8.2.0/libgcc.a(divsf3.o)
                0x0000000080004428                __divsf3
 .text          0x0000000080004754      0x104 /home/twccyoyo/riscv/riscv-gnu-toolchain/lib/gcc/riscv32-unknown-elf/8.2.0/libgcc.a(floatsisf.o)
                0x0000000080004754                __floatsisf
 .text          0x0000000080004858       0xd8 /home/twccyoyo/riscv/riscv-gnu-toolchain/lib/gcc/riscv32-unknown-elf/8.2.0/libgcc.a(extendsfdf2.o)
                0x0000000080004858                __extendsfdf2
 .text          0x0000000080004930      0x180 /home/twccyoyo/riscv/riscv-gnu-toolchain/lib/gcc/riscv32-unknown-elf/8.2.0/libgcc.a(truncdfsf2.o)
                0x0000000080004930                __truncdfsf2
 .text          0x0000000080004ab0        0x0 /home/twccyoyo/riscv/riscv-gnu-toolchain/lib/gcc/riscv32-unknown-elf/8.2.0/libgcc.a(_clz.o)
 .text          0x0000000080004ab0       0x4c /home/twccyoyo/riscv/riscv-gnu-toolchain/lib/gcc/riscv32-unknown-elf/8.2.0/libgcc.a(_clzsi2.o)
                0x0000000080004ab0                __clzsi2

.text.startup   0x0000000080004afc      0x74c
 .text.startup  0x0000000080004afc      0x74c dhry_1.o
                0x0000000080004afc                main

.srodata.cst4   0x0000000080005248       0x10
 .srodata.cst4  0x0000000080005248       0x10 dhry_1.o

.srodata.cst8   0x0000000080005258       0x18
 .srodata.cst8  0x0000000080005258       0x10 dhry_1.o
 .srodata.cst8  0x0000000080005268        0x8 ../elibc/stdio.o

.eh_frame       0x0000000080005270       0x28
 .eh_frame      0x0000000080005270       0x28 /home/twccyoyo/riscv/riscv-gnu-toolchain/lib/gcc/riscv32-unknown-elf/8.2.0/libgcc.a(_divdi3.o)

.rela.dyn       0x0000000080005298        0x0
 .rela.text     0x0000000080005298        0x0 boot.o
 .rela.sdata    0x0000000080005298        0x0 boot.o
 .rela.text.startup
                0x0000000080005298        0x0 boot.o

.data           0x0000000080006000      0x9d0
 *(.data)
 .data          0x0000000080006000        0x0 boot.o
 .data          0x0000000080006000        0x0 dhry_1.o
 .data          0x0000000080006000        0x0 dhry_2.o
 .data          0x0000000080006000        0x0 ../elibc/stdio.o
 .data          0x0000000080006000        0x0 ../elibc/stdlib.o
 .data          0x0000000080006000        0x0 ../elibc/heap_4.o
 .data          0x0000000080006000        0x0 ../elibc/string.o
 .data          0x0000000080006000        0x0 ../elibc/time.o
 .data          0x0000000080006000        0x0 ../elibc/uart.o
 .data          0x0000000080006000        0x0 /home/twccyoyo/riscv/riscv-gnu-toolchain/lib/gcc/riscv32-unknown-elf/8.2.0/libgcc.a(_divdi3.o)
 .data          0x0000000080006000        0x0 /home/twccyoyo/riscv/riscv-gnu-toolchain/lib/gcc/riscv32-unknown-elf/8.2.0/libgcc.a(adddf3.o)
 .data          0x0000000080006000        0x0 /home/twccyoyo/riscv/riscv-gnu-toolchain/lib/gcc/riscv32-unknown-elf/8.2.0/libgcc.a(divdf3.o)
 .data          0x0000000080006000        0x0 /home/twccyoyo/riscv/riscv-gnu-toolchain/lib/gcc/riscv32-unknown-elf/8.2.0/libgcc.a(ledf2.o)
 .data          0x0000000080006000        0x0 /home/twccyoyo/riscv/riscv-gnu-toolchain/lib/gcc/riscv32-unknown-elf/8.2.0/libgcc.a(muldf3.o)
 .data          0x0000000080006000        0x0 /home/twccyoyo/riscv/riscv-gnu-toolchain/lib/gcc/riscv32-unknown-elf/8.2.0/libgcc.a(subdf3.o)
 .data          0x0000000080006000        0x0 /home/twccyoyo/riscv/riscv-gnu-toolchain/lib/gcc/riscv32-unknown-elf/8.2.0/libgcc.a(fixdfsi.o)
 .data          0x0000000080006000        0x0 /home/twccyoyo/riscv/riscv-gnu-toolchain/lib/gcc/riscv32-unknown-elf/8.2.0/libgcc.a(floatsidf.o)
 .data          0x0000000080006000        0x0 /home/twccyoyo/riscv/riscv-gnu-toolchain/lib/gcc/riscv32-unknown-elf/8.2.0/libgcc.a(divsf3.o)
 .data          0x0000000080006000        0x0 /home/twccyoyo/riscv/riscv-gnu-toolchain/lib/gcc/riscv32-unknown-elf/8.2.0/libgcc.a(floatsisf.o)
 .data          0x0000000080006000        0x0 /home/twccyoyo/riscv/riscv-gnu-toolchain/lib/gcc/riscv32-unknown-elf/8.2.0/libgcc.a(extendsfdf2.o)
 .data          0x0000000080006000        0x0 /home/twccyoyo/riscv/riscv-gnu-toolchain/lib/gcc/riscv32-unknown-elf/8.2.0/libgcc.a(truncdfsf2.o)
 .data          0x0000000080006000        0x0 /home/twccyoyo/riscv/riscv-gnu-toolchain/lib/gcc/riscv32-unknown-elf/8.2.0/libgcc.a(_clz.o)
 .data          0x0000000080006000        0x0 /home/twccyoyo/riscv/riscv-gnu-toolchain/lib/gcc/riscv32-unknown-elf/8.2.0/libgcc.a(_clzsi2.o)
 *(.bss)
 .bss           0x0000000080006000        0x0 boot.o
 .bss           0x0000000080006000        0x0 dhry_1.o
 .bss           0x0000000080006000        0x0 dhry_2.o
 .bss           0x0000000080006000        0x0 ../elibc/stdio.o
 .bss           0x0000000080006000        0x0 ../elibc/stdlib.o
 .bss           0x0000000080006000        0x0 ../elibc/heap_4.o
 .bss           0x0000000080006000        0x0 ../elibc/string.o
 .bss           0x0000000080006000        0x0 ../elibc/time.o
 .bss           0x0000000080006000        0x0 ../elibc/uart.o
 .bss           0x0000000080006000        0x0 /home/twccyoyo/riscv/riscv-gnu-toolchain/lib/gcc/riscv32-unknown-elf/8.2.0/libgcc.a(_divdi3.o)
 .bss           0x0000000080006000        0x0 /home/twccyoyo/riscv/riscv-gnu-toolchain/lib/gcc/riscv32-unknown-elf/8.2.0/libgcc.a(adddf3.o)
 .bss           0x0000000080006000        0x0 /home/twccyoyo/riscv/riscv-gnu-toolchain/lib/gcc/riscv32-unknown-elf/8.2.0/libgcc.a(divdf3.o)
 .bss           0x0000000080006000        0x0 /home/twccyoyo/riscv/riscv-gnu-toolchain/lib/gcc/riscv32-unknown-elf/8.2.0/libgcc.a(ledf2.o)
 .bss           0x0000000080006000        0x0 /home/twccyoyo/riscv/riscv-gnu-toolchain/lib/gcc/riscv32-unknown-elf/8.2.0/libgcc.a(muldf3.o)
 .bss           0x0000000080006000        0x0 /home/twccyoyo/riscv/riscv-gnu-toolchain/lib/gcc/riscv32-unknown-elf/8.2.0/libgcc.a(subdf3.o)
 .bss           0x0000000080006000        0x0 /home/twccyoyo/riscv/riscv-gnu-toolchain/lib/gcc/riscv32-unknown-elf/8.2.0/libgcc.a(fixdfsi.o)
 .bss           0x0000000080006000        0x0 /home/twccyoyo/riscv/riscv-gnu-toolchain/lib/gcc/riscv32-unknown-elf/8.2.0/libgcc.a(floatsidf.o)
 .bss           0x0000000080006000        0x0 /home/twccyoyo/riscv/riscv-gnu-toolchain/lib/gcc/riscv32-unknown-elf/8.2.0/libgcc.a(divsf3.o)
 .bss           0x0000000080006000        0x0 /home/twccyoyo/riscv/riscv-gnu-toolchain/lib/gcc/riscv32-unknown-elf/8.2.0/libgcc.a(floatsisf.o)
 .bss           0x0000000080006000        0x0 /home/twccyoyo/riscv/riscv-gnu-toolchain/lib/gcc/riscv32-unknown-elf/8.2.0/libgcc.a(extendsfdf2.o)
 .bss           0x0000000080006000        0x0 /home/twccyoyo/riscv/riscv-gnu-toolchain/lib/gcc/riscv32-unknown-elf/8.2.0/libgcc.a(truncdfsf2.o)
 .bss           0x0000000080006000        0x0 /home/twccyoyo/riscv/riscv-gnu-toolchain/lib/gcc/riscv32-unknown-elf/8.2.0/libgcc.a(_clz.o)
 .bss           0x0000000080006000        0x0 /home/twccyoyo/riscv/riscv-gnu-toolchain/lib/gcc/riscv32-unknown-elf/8.2.0/libgcc.a(_clzsi2.o)
 *(.rodata*)
 .rodata.str1.4
                0x0000000080006000      0x64b dhry_1.o
                                        0x64f (size before relaxing)
 *fill*         0x000000008000664b        0x1 
 .rodata.str1.4
                0x000000008000664c       0x7d ../elibc/stdio.o
 *fill*         0x00000000800066c9        0x3 
 .rodata        0x00000000800066cc       0x84 ../elibc/stdio.o
 .rodata.str1.4
                0x0000000080006750       0xcc ../elibc/stdlib.o
 .rodata        0x000000008000681c       0x3c /home/twccyoyo/riscv/riscv-gnu-toolchain/lib/gcc/riscv32-unknown-elf/8.2.0/libgcc.a(divdf3.o)
 .rodata        0x0000000080006858       0x3c /home/twccyoyo/riscv/riscv-gnu-toolchain/lib/gcc/riscv32-unknown-elf/8.2.0/libgcc.a(muldf3.o)
 .rodata        0x0000000080006894       0x3c /home/twccyoyo/riscv/riscv-gnu-toolchain/lib/gcc/riscv32-unknown-elf/8.2.0/libgcc.a(divsf3.o)
 .rodata        0x00000000800068d0      0x100 /home/twccyoyo/riscv/riscv-gnu-toolchain/lib/gcc/riscv32-unknown-elf/8.2.0/libgcc.a(_clz.o)
                0x00000000800068d0                __clz_tab
LOAD boot.o
LOAD dhry_1.o
LOAD dhry_2.o
LOAD ../elibc/stdio.o
LOAD ../elibc/stdlib.o
LOAD ../elibc/heap_4.o
LOAD ../elibc/string.o
LOAD ../elibc/time.o
LOAD ../elibc/uart.o
LOAD /home/twccyoyo/riscv/riscv-gnu-toolchain/lib/gcc/riscv32-unknown-elf/8.2.0/libgcc.a
OUTPUT(_dhry.o elf32-littleriscv)

.sdata          0x00000000800069d0       0x24
 .sdata         0x00000000800069d0        0x4 boot.o
                0x00000000800069d0                stack_top
 .sdata         0x00000000800069d4       0x1c ../elibc/stdio.o
                0x00000000800069d4                stderr
                0x00000000800069d8                stdout
                0x00000000800069dc                stdin
 .sdata         0x00000000800069f0        0x4 ../elibc/stdlib.o

.comment        0x0000000000000000       0x11
 .comment       0x0000000000000000       0x11 boot.o
                                         0x12 (size before relaxing)
 .comment       0x0000000000000011       0x12 dhry_1.o
 .comment       0x0000000000000011       0x12 dhry_2.o
 .comment       0x0000000000000011       0x12 ../elibc/stdio.o
 .comment       0x0000000000000011       0x12 ../elibc/stdlib.o
 .comment       0x0000000000000011       0x12 ../elibc/heap_4.o
 .comment       0x0000000000000011       0x12 ../elibc/string.o
 .comment       0x0000000000000011       0x12 ../elibc/time.o
 .comment       0x0000000000000011       0x12 ../elibc/uart.o
 .comment       0x0000000000000011       0x12 /home/twccyoyo/riscv/riscv-gnu-toolchain/lib/gcc/riscv32-unknown-elf/8.2.0/libgcc.a(_divdi3.o)
 .comment       0x0000000000000011       0x12 /home/twccyoyo/riscv/riscv-gnu-toolchain/lib/gcc/riscv32-unknown-elf/8.2.0/libgcc.a(adddf3.o)
 .comment       0x0000000000000011       0x12 /home/twccyoyo/riscv/riscv-gnu-toolchain/lib/gcc/riscv32-unknown-elf/8.2.0/libgcc.a(divdf3.o)
 .comment       0x0000000000000011       0x12 /home/twccyoyo/riscv/riscv-gnu-toolchain/lib/gcc/riscv32-unknown-elf/8.2.0/libgcc.a(ledf2.o)
 .comment       0x0000000000000011       0x12 /home/twccyoyo/riscv/riscv-gnu-toolchain/lib/gcc/riscv32-unknown-elf/8.2.0/libgcc.a(muldf3.o)
 .comment       0x0000000000000011       0x12 /home/twccyoyo/riscv/riscv-gnu-toolchain/lib/gcc/riscv32-unknown-elf/8.2.0/libgcc.a(subdf3.o)
 .comment       0x0000000000000011       0x12 /home/twccyoyo/riscv/riscv-gnu-toolchain/lib/gcc/riscv32-unknown-elf/8.2.0/libgcc.a(fixdfsi.o)
 .comment       0x0000000000000011       0x12 /home/twccyoyo/riscv/riscv-gnu-toolchain/lib/gcc/riscv32-unknown-elf/8.2.0/libgcc.a(floatsidf.o)
 .comment       0x0000000000000011       0x12 /home/twccyoyo/riscv/riscv-gnu-toolchain/lib/gcc/riscv32-unknown-elf/8.2.0/libgcc.a(divsf3.o)
 .comment       0x0000000000000011       0x12 /home/twccyoyo/riscv/riscv-gnu-toolchain/lib/gcc/riscv32-unknown-elf/8.2.0/libgcc.a(floatsisf.o)
 .comment       0x0000000000000011       0x12 /home/twccyoyo/riscv/riscv-gnu-toolchain/lib/gcc/riscv32-unknown-elf/8.2.0/libgcc.a(extendsfdf2.o)
 .comment       0x0000000000000011       0x12 /home/twccyoyo/riscv/riscv-gnu-toolchain/lib/gcc/riscv32-unknown-elf/8.2.0/libgcc.a(truncdfsf2.o)
 .comment       0x0000000000000011       0x12 /home/twccyoyo/riscv/riscv-gnu-toolchain/lib/gcc/riscv32-unknown-elf/8.2.0/libgcc.a(_clz.o)
 .comment       0x0000000000000011       0x12 /home/twccyoyo/riscv/riscv-gnu-toolchain/lib/gcc/riscv32-unknown-elf/8.2.0/libgcc.a(_clzsi2.o)

.riscv.attributes
                0x0000000000000000       0x21
 .riscv.attributes
                0x0000000000000000       0x21 boot.o
 .riscv.attributes
                0x0000000000000021       0x21 dhry_1.o
 .riscv.attributes
                0x0000000000000042       0x21 dhry_2.o
 .riscv.attributes
                0x0000000000000063       0x21 ../elibc/stdio.o
 .riscv.attributes
                0x0000000000000084       0x21 ../elibc/stdlib.o
 .riscv.attributes
                0x00000000000000a5       0x21 ../elibc/heap_4.o
 .riscv.attributes
                0x00000000000000c6       0x21 ../elibc/string.o
 .riscv.attributes
                0x00000000000000e7       0x21 ../elibc/time.o
 .riscv.attributes
                0x0000000000000108       0x21 ../elibc/uart.o
 .riscv.attributes
                0x0000000000000129       0x21 /home/twccyoyo/riscv/riscv-gnu-toolchain/lib/gcc/riscv32-unknown-elf/8.2.0/libgcc.a(_divdi3.o)
 .riscv.attributes
                0x000000000000014a       0x21 /home/twccyoyo/riscv/riscv-gnu-toolchain/lib/gcc/riscv32-unknown-elf/8.2.0/libgcc.a(adddf3.o)
 .riscv.attributes
                0x000000000000016b       0x21 /home/twccyoyo/riscv/riscv-gnu-toolchain/lib/gcc/riscv32-unknown-elf/8.2.0/libgcc.a(divdf3.o)
 .riscv.attributes
                0x000000000000018c       0x21 /home/twccyoyo/riscv/riscv-gnu-toolchain/lib/gcc/riscv32-unknown-elf/8.2.0/libgcc.a(ledf2.o)
 .riscv.attributes
                0x00000000000001ad       0x21 /home/twccyoyo/riscv/riscv-gnu-toolchain/lib/gcc/riscv32-unknown-elf/8.2.0/libgcc.a(muldf3.o)
 .riscv.attributes
                0x00000000000001ce       0x21 /home/twccyoyo/riscv/riscv-gnu-toolchain/lib/gcc/riscv32-unknown-elf/8.2.0/libgcc.a(subdf3.o)
 .riscv.attributes
                0x00000000000001ef       0x21 /home/twccyoyo/riscv/riscv-gnu-toolchain/lib/gcc/riscv32-unknown-elf/8.2.0/libgcc.a(fixdfsi.o)
 .riscv.attributes
                0x0000000000000210       0x21 /home/twccyoyo/riscv/riscv-gnu-toolchain/lib/gcc/riscv32-unknown-elf/8.2.0/libgcc.a(floatsidf.o)
 .riscv.attributes
                0x0000000000000231       0x21 /home/twccyoyo/riscv/riscv-gnu-toolchain/lib/gcc/riscv32-unknown-elf/8.2.0/libgcc.a(divsf3.o)
 .riscv.attributes
                0x0000000000000252       0x21 /home/twccyoyo/riscv/riscv-gnu-toolchain/lib/gcc/riscv32-unknown-elf/8.2.0/libgcc.a(floatsisf.o)
 .riscv.attributes
                0x0000000000000273       0x21 /home/twccyoyo/riscv/riscv-gnu-toolchain/lib/gcc/riscv32-unknown-elf/8.2.0/libgcc.a(extendsfdf2.o)
 .riscv.attributes
                0x0000000000000294       0x21 /home/twccyoyo/riscv/riscv-gnu-toolchain/lib/gcc/riscv32-unknown-elf/8.2.0/libgcc.a(truncdfsf2.o)
 .riscv.attributes
                0x00000000000002b5       0x21 /home/twccyoyo/riscv/riscv-gnu-toolchain/lib/gcc/riscv32-unknown-elf/8.2.0/libgcc.a(_clz.o)
 .riscv.attributes
                0x00000000000002d6       0x21 /home/twccyoyo/riscv/riscv-gnu-toolchain/lib/gcc/riscv32-unknown-elf/8.2.0/libgcc.a(_clzsi2.o)

.bss            0x00000000800069f4     0x2808
 COMMON         0x00000000800069f4        0x4 boot.o
                0x00000000800069f4                sp_store
 COMMON         0x00000000800069f8     0x2804 dhry_1.o
                0x00000000800069f8                Microseconds
                0x00000000800069fc                Dhrystones_Per_Second
                0x0000000080006a00                User_Time
                0x0000000080006a04                Begin_Time
                0x0000000080006a08                Arr_2_Glob
                0x0000000080009118                End_Time
                0x000000008000911c                Next_Ptr_Glob
                0x0000000080009120                Int_Glob
                0x0000000080009124                Ch_1_Glob
                0x0000000080009125                Ch_2_Glob
                0x0000000080009128                Ptr_Glob
                0x000000008000912c                Vax_Mips
                0x0000000080009130                Arr_1_Glob
                0x00000000800091f8                Bool_Glob

.sbss           0x00000000800091fc       0x24
 .sbss          0x00000000800091fc        0x4 dhry_1.o
                0x00000000800091fc                Reg
 .sbss          0x0000000080009200        0x8 ../elibc/stdio.o
 .sbss          0x0000000080009208       0x18 ../elibc/heap_4.o

.debug_info     0x0000000000000000     0x5676
 .debug_info    0x0000000000000000     0x127b /home/twccyoyo/riscv/riscv-gnu-toolchain/lib/gcc/riscv32-unknown-elf/8.2.0/libgcc.a(_divdi3.o)
 .debug_info    0x000000000000127b      0x599 /home/twccyoyo/riscv/riscv-gnu-toolchain/lib/gcc/riscv32-unknown-elf/8.2.0/libgcc.a(adddf3.o)
 .debug_info    0x0000000000001814      0x730 /home/twccyoyo/riscv/riscv-gnu-toolchain/lib/gcc/riscv32-unknown-elf/8.2.0/libgcc.a(divdf3.o)
 .debug_info    0x0000000000001f44      0x286 /home/twccyoyo/riscv/riscv-gnu-toolchain/lib/gcc/riscv32-unknown-elf/8.2.0/libgcc.a(ledf2.o)
 .debug_info    0x00000000000021ca      0x75c /home/twccyoyo/riscv/riscv-gnu-toolchain/lib/gcc/riscv32-unknown-elf/8.2.0/libgcc.a(muldf3.o)
 .debug_info    0x0000000000002926      0x599 /home/twccyoyo/riscv/riscv-gnu-toolchain/lib/gcc/riscv32-unknown-elf/8.2.0/libgcc.a(subdf3.o)
 .debug_info    0x0000000000002ebf      0x21a /home/twccyoyo/riscv/riscv-gnu-toolchain/lib/gcc/riscv32-unknown-elf/8.2.0/libgcc.a(fixdfsi.o)
 .debug_info    0x00000000000030d9      0x2bc /home/twccyoyo/riscv/riscv-gnu-toolchain/lib/gcc/riscv32-unknown-elf/8.2.0/libgcc.a(floatsidf.o)
 .debug_info    0x0000000000003395      0x3bb /home/twccyoyo/riscv/riscv-gnu-toolchain/lib/gcc/riscv32-unknown-elf/8.2.0/libgcc.a(divsf3.o)
 .debug_info    0x0000000000003750      0x25d /home/twccyoyo/riscv/riscv-gnu-toolchain/lib/gcc/riscv32-unknown-elf/8.2.0/libgcc.a(floatsisf.o)
 .debug_info    0x00000000000039ad      0x2ac /home/twccyoyo/riscv/riscv-gnu-toolchain/lib/gcc/riscv32-unknown-elf/8.2.0/libgcc.a(extendsfdf2.o)
 .debug_info    0x0000000000003c59      0x2dc /home/twccyoyo/riscv/riscv-gnu-toolchain/lib/gcc/riscv32-unknown-elf/8.2.0/libgcc.a(truncdfsf2.o)
 .debug_info    0x0000000000003f35      0xb6a /home/twccyoyo/riscv/riscv-gnu-toolchain/lib/gcc/riscv32-unknown-elf/8.2.0/libgcc.a(_clz.o)
 .debug_info    0x0000000000004a9f      0xbd7 /home/twccyoyo/riscv/riscv-gnu-toolchain/lib/gcc/riscv32-unknown-elf/8.2.0/libgcc.a(_clzsi2.o)

.debug_abbrev   0x0000000000000000     0x17f4
 .debug_abbrev  0x0000000000000000      0x2e4 /home/twccyoyo/riscv/riscv-gnu-toolchain/lib/gcc/riscv32-unknown-elf/8.2.0/libgcc.a(_divdi3.o)
 .debug_abbrev  0x00000000000002e4      0x196 /home/twccyoyo/riscv/riscv-gnu-toolchain/lib/gcc/riscv32-unknown-elf/8.2.0/libgcc.a(adddf3.o)
 .debug_abbrev  0x000000000000047a      0x187 /home/twccyoyo/riscv/riscv-gnu-toolchain/lib/gcc/riscv32-unknown-elf/8.2.0/libgcc.a(divdf3.o)
 .debug_abbrev  0x0000000000000601      0x199 /home/twccyoyo/riscv/riscv-gnu-toolchain/lib/gcc/riscv32-unknown-elf/8.2.0/libgcc.a(ledf2.o)
 .debug_abbrev  0x000000000000079a      0x18e /home/twccyoyo/riscv/riscv-gnu-toolchain/lib/gcc/riscv32-unknown-elf/8.2.0/libgcc.a(muldf3.o)
 .debug_abbrev  0x0000000000000928      0x196 /home/twccyoyo/riscv/riscv-gnu-toolchain/lib/gcc/riscv32-unknown-elf/8.2.0/libgcc.a(subdf3.o)
 .debug_abbrev  0x0000000000000abe      0x18a /home/twccyoyo/riscv/riscv-gnu-toolchain/lib/gcc/riscv32-unknown-elf/8.2.0/libgcc.a(fixdfsi.o)
 .debug_abbrev  0x0000000000000c48      0x178 /home/twccyoyo/riscv/riscv-gnu-toolchain/lib/gcc/riscv32-unknown-elf/8.2.0/libgcc.a(floatsidf.o)
 .debug_abbrev  0x0000000000000dc0      0x16f /home/twccyoyo/riscv/riscv-gnu-toolchain/lib/gcc/riscv32-unknown-elf/8.2.0/libgcc.a(divsf3.o)
 .debug_abbrev  0x0000000000000f2f      0x198 /home/twccyoyo/riscv/riscv-gnu-toolchain/lib/gcc/riscv32-unknown-elf/8.2.0/libgcc.a(floatsisf.o)
 .debug_abbrev  0x00000000000010c7      0x17b /home/twccyoyo/riscv/riscv-gnu-toolchain/lib/gcc/riscv32-unknown-elf/8.2.0/libgcc.a(extendsfdf2.o)
 .debug_abbrev  0x0000000000001242      0x188 /home/twccyoyo/riscv/riscv-gnu-toolchain/lib/gcc/riscv32-unknown-elf/8.2.0/libgcc.a(truncdfsf2.o)
 .debug_abbrev  0x00000000000013ca      0x1e8 /home/twccyoyo/riscv/riscv-gnu-toolchain/lib/gcc/riscv32-unknown-elf/8.2.0/libgcc.a(_clz.o)
 .debug_abbrev  0x00000000000015b2      0x242 /home/twccyoyo/riscv/riscv-gnu-toolchain/lib/gcc/riscv32-unknown-elf/8.2.0/libgcc.a(_clzsi2.o)

.debug_loc      0x0000000000000000     0x5eb7
 .debug_loc     0x0000000000000000      0xa0c /home/twccyoyo/riscv/riscv-gnu-toolchain/lib/gcc/riscv32-unknown-elf/8.2.0/libgcc.a(_divdi3.o)
 .debug_loc     0x0000000000000a0c     0x119d /home/twccyoyo/riscv/riscv-gnu-toolchain/lib/gcc/riscv32-unknown-elf/8.2.0/libgcc.a(adddf3.o)
 .debug_loc     0x0000000000001ba9     0x10fe /home/twccyoyo/riscv/riscv-gnu-toolchain/lib/gcc/riscv32-unknown-elf/8.2.0/libgcc.a(divdf3.o)
 .debug_loc     0x0000000000002ca7      0x135 /home/twccyoyo/riscv/riscv-gnu-toolchain/lib/gcc/riscv32-unknown-elf/8.2.0/libgcc.a(ledf2.o)
 .debug_loc     0x0000000000002ddc      0xd9a /home/twccyoyo/riscv/riscv-gnu-toolchain/lib/gcc/riscv32-unknown-elf/8.2.0/libgcc.a(muldf3.o)
 .debug_loc     0x0000000000003b76     0x1208 /home/twccyoyo/riscv/riscv-gnu-toolchain/lib/gcc/riscv32-unknown-elf/8.2.0/libgcc.a(subdf3.o)
 .debug_loc     0x0000000000004d7e      0x181 /home/twccyoyo/riscv/riscv-gnu-toolchain/lib/gcc/riscv32-unknown-elf/8.2.0/libgcc.a(fixdfsi.o)
 .debug_loc     0x0000000000004eff      0x159 /home/twccyoyo/riscv/riscv-gnu-toolchain/lib/gcc/riscv32-unknown-elf/8.2.0/libgcc.a(floatsidf.o)
 .debug_loc     0x0000000000005058      0x758 /home/twccyoyo/riscv/riscv-gnu-toolchain/lib/gcc/riscv32-unknown-elf/8.2.0/libgcc.a(divsf3.o)
 .debug_loc     0x00000000000057b0      0x191 /home/twccyoyo/riscv/riscv-gnu-toolchain/lib/gcc/riscv32-unknown-elf/8.2.0/libgcc.a(floatsisf.o)
 .debug_loc     0x0000000000005941      0x1c4 /home/twccyoyo/riscv/riscv-gnu-toolchain/lib/gcc/riscv32-unknown-elf/8.2.0/libgcc.a(extendsfdf2.o)
 .debug_loc     0x0000000000005b05      0x347 /home/twccyoyo/riscv/riscv-gnu-toolchain/lib/gcc/riscv32-unknown-elf/8.2.0/libgcc.a(truncdfsf2.o)
 .debug_loc     0x0000000000005e4c       0x6b /home/twccyoyo/riscv/riscv-gnu-toolchain/lib/gcc/riscv32-unknown-elf/8.2.0/libgcc.a(_clzsi2.o)

.debug_aranges  0x0000000000000000      0x1b8
 .debug_aranges
                0x0000000000000000       0x20 /home/twccyoyo/riscv/riscv-gnu-toolchain/lib/gcc/riscv32-unknown-elf/8.2.0/libgcc.a(_divdi3.o)
 .debug_aranges
                0x0000000000000020       0x20 /home/twccyoyo/riscv/riscv-gnu-toolchain/lib/gcc/riscv32-unknown-elf/8.2.0/libgcc.a(adddf3.o)
 .debug_aranges
                0x0000000000000040       0x20 /home/twccyoyo/riscv/riscv-gnu-toolchain/lib/gcc/riscv32-unknown-elf/8.2.0/libgcc.a(divdf3.o)
 .debug_aranges
                0x0000000000000060       0x20 /home/twccyoyo/riscv/riscv-gnu-toolchain/lib/gcc/riscv32-unknown-elf/8.2.0/libgcc.a(ledf2.o)
 .debug_aranges
                0x0000000000000080       0x20 /home/twccyoyo/riscv/riscv-gnu-toolchain/lib/gcc/riscv32-unknown-elf/8.2.0/libgcc.a(muldf3.o)
 .debug_aranges
                0x00000000000000a0       0x20 /home/twccyoyo/riscv/riscv-gnu-toolchain/lib/gcc/riscv32-unknown-elf/8.2.0/libgcc.a(subdf3.o)
 .debug_aranges
                0x00000000000000c0       0x20 /home/twccyoyo/riscv/riscv-gnu-toolchain/lib/gcc/riscv32-unknown-elf/8.2.0/libgcc.a(fixdfsi.o)
 .debug_aranges
                0x00000000000000e0       0x20 /home/twccyoyo/riscv/riscv-gnu-toolchain/lib/gcc/riscv32-unknown-elf/8.2.0/libgcc.a(floatsidf.o)
 .debug_aranges
                0x0000000000000100       0x20 /home/twccyoyo/riscv/riscv-gnu-toolchain/lib/gcc/riscv32-unknown-elf/8.2.0/libgcc.a(divsf3.o)
 .debug_aranges
                0x0000000000000120       0x20 /home/twccyoyo/riscv/riscv-gnu-toolchain/lib/gcc/riscv32-unknown-elf/8.2.0/libgcc.a(floatsisf.o)
 .debug_aranges
                0x0000000000000140       0x20 /home/twccyoyo/riscv/riscv-gnu-toolchain/lib/gcc/riscv32-unknown-elf/8.2.0/libgcc.a(extendsfdf2.o)
 .debug_aranges
                0x0000000000000160       0x20 /home/twccyoyo/riscv/riscv-gnu-toolchain/lib/gcc/riscv32-unknown-elf/8.2.0/libgcc.a(truncdfsf2.o)
 .debug_aranges
                0x0000000000000180       0x18 /home/twccyoyo/riscv/riscv-gnu-toolchain/lib/gcc/riscv32-unknown-elf/8.2.0/libgcc.a(_clz.o)
 .debug_aranges
                0x0000000000000198       0x20 /home/twccyoyo/riscv/riscv-gnu-toolchain/lib/gcc/riscv32-unknown-elf/8.2.0/libgcc.a(_clzsi2.o)

.debug_ranges   0x0000000000000000      0xb80
 .debug_ranges  0x0000000000000000       0xf8 /home/twccyoyo/riscv/riscv-gnu-toolchain/lib/gcc/riscv32-unknown-elf/8.2.0/libgcc.a(_divdi3.o)
 .debug_ranges  0x00000000000000f8      0x228 /home/twccyoyo/riscv/riscv-gnu-toolchain/lib/gcc/riscv32-unknown-elf/8.2.0/libgcc.a(adddf3.o)
 .debug_ranges  0x0000000000000320      0x198 /home/twccyoyo/riscv/riscv-gnu-toolchain/lib/gcc/riscv32-unknown-elf/8.2.0/libgcc.a(divdf3.o)
 .debug_ranges  0x00000000000004b8       0x50 /home/twccyoyo/riscv/riscv-gnu-toolchain/lib/gcc/riscv32-unknown-elf/8.2.0/libgcc.a(ledf2.o)
 .debug_ranges  0x0000000000000508      0x230 /home/twccyoyo/riscv/riscv-gnu-toolchain/lib/gcc/riscv32-unknown-elf/8.2.0/libgcc.a(muldf3.o)
 .debug_ranges  0x0000000000000738      0x220 /home/twccyoyo/riscv/riscv-gnu-toolchain/lib/gcc/riscv32-unknown-elf/8.2.0/libgcc.a(subdf3.o)
 .debug_ranges  0x0000000000000958       0x18 /home/twccyoyo/riscv/riscv-gnu-toolchain/lib/gcc/riscv32-unknown-elf/8.2.0/libgcc.a(fixdfsi.o)
 .debug_ranges  0x0000000000000970       0x68 /home/twccyoyo/riscv/riscv-gnu-toolchain/lib/gcc/riscv32-unknown-elf/8.2.0/libgcc.a(floatsidf.o)
 .debug_ranges  0x00000000000009d8       0xc0 /home/twccyoyo/riscv/riscv-gnu-toolchain/lib/gcc/riscv32-unknown-elf/8.2.0/libgcc.a(divsf3.o)
 .debug_ranges  0x0000000000000a98       0x50 /home/twccyoyo/riscv/riscv-gnu-toolchain/lib/gcc/riscv32-unknown-elf/8.2.0/libgcc.a(floatsisf.o)
 .debug_ranges  0x0000000000000ae8       0x38 /home/twccyoyo/riscv/riscv-gnu-toolchain/lib/gcc/riscv32-unknown-elf/8.2.0/libgcc.a(extendsfdf2.o)
 .debug_ranges  0x0000000000000b20       0x40 /home/twccyoyo/riscv/riscv-gnu-toolchain/lib/gcc/riscv32-unknown-elf/8.2.0/libgcc.a(truncdfsf2.o)
 .debug_ranges  0x0000000000000b60       0x20 /home/twccyoyo/riscv/riscv-gnu-toolchain/lib/gcc/riscv32-unknown-elf/8.2.0/libgcc.a(_clzsi2.o)

.debug_line     0x0000000000000000     0x6923
 .debug_line    0x0000000000000000      0x9d1 /home/twccyoyo/riscv/riscv-gnu-toolchain/lib/gcc/riscv32-unknown-elf/8.2.0/libgcc.a(_divdi3.o)
 .debug_line    0x00000000000009d1     0x1043 /home/twccyoyo/riscv/riscv-gnu-toolchain/lib/gcc/riscv32-unknown-elf/8.2.0/libgcc.a(adddf3.o)
 .debug_line    0x0000000000001a14      0xf99 /home/twccyoyo/riscv/riscv-gnu-toolchain/lib/gcc/riscv32-unknown-elf/8.2.0/libgcc.a(divdf3.o)
 .debug_line    0x00000000000029ad      0x321 /home/twccyoyo/riscv/riscv-gnu-toolchain/lib/gcc/riscv32-unknown-elf/8.2.0/libgcc.a(ledf2.o)
 .debug_line    0x0000000000002cce      0xdd4 /home/twccyoyo/riscv/riscv-gnu-toolchain/lib/gcc/riscv32-unknown-elf/8.2.0/libgcc.a(muldf3.o)
 .debug_line    0x0000000000003aa2     0x10a2 /home/twccyoyo/riscv/riscv-gnu-toolchain/lib/gcc/riscv32-unknown-elf/8.2.0/libgcc.a(subdf3.o)
 .debug_line    0x0000000000004b44      0x243 /home/twccyoyo/riscv/riscv-gnu-toolchain/lib/gcc/riscv32-unknown-elf/8.2.0/libgcc.a(fixdfsi.o)
 .debug_line    0x0000000000004d87      0x27d /home/twccyoyo/riscv/riscv-gnu-toolchain/lib/gcc/riscv32-unknown-elf/8.2.0/libgcc.a(floatsidf.o)
 .debug_line    0x0000000000005004      0x880 /home/twccyoyo/riscv/riscv-gnu-toolchain/lib/gcc/riscv32-unknown-elf/8.2.0/libgcc.a(divsf3.o)
 .debug_line    0x0000000000005884      0x36b /home/twccyoyo/riscv/riscv-gnu-toolchain/lib/gcc/riscv32-unknown-elf/8.2.0/libgcc.a(floatsisf.o)
 .debug_line    0x0000000000005bef      0x3d7 /home/twccyoyo/riscv/riscv-gnu-toolchain/lib/gcc/riscv32-unknown-elf/8.2.0/libgcc.a(extendsfdf2.o)
 .debug_line    0x0000000000005fc6      0x489 /home/twccyoyo/riscv/riscv-gnu-toolchain/lib/gcc/riscv32-unknown-elf/8.2.0/libgcc.a(truncdfsf2.o)
 .debug_line    0x000000000000644f      0x224 /home/twccyoyo/riscv/riscv-gnu-toolchain/lib/gcc/riscv32-unknown-elf/8.2.0/libgcc.a(_clz.o)
 .debug_line    0x0000000000006673      0x2b0 /home/twccyoyo/riscv/riscv-gnu-toolchain/lib/gcc/riscv32-unknown-elf/8.2.0/libgcc.a(_clzsi2.o)

.debug_str      0x0000000000000000     0x1064
 .debug_str     0x0000000000000000      0x7e5 /home/twccyoyo/riscv/riscv-gnu-toolchain/lib/gcc/riscv32-unknown-elf/8.2.0/libgcc.a(_divdi3.o)
                                        0x865 (size before relaxing)
 .debug_str     0x00000000000007e5      0x230 /home/twccyoyo/riscv/riscv-gnu-toolchain/lib/gcc/riscv32-unknown-elf/8.2.0/libgcc.a(adddf3.o)
                                        0x32c (size before relaxing)
 .debug_str     0x0000000000000a15      0x198 /home/twccyoyo/riscv/riscv-gnu-toolchain/lib/gcc/riscv32-unknown-elf/8.2.0/libgcc.a(divdf3.o)
                                        0x3ee (size before relaxing)
 .debug_str     0x0000000000000bad       0x77 /home/twccyoyo/riscv/riscv-gnu-toolchain/lib/gcc/riscv32-unknown-elf/8.2.0/libgcc.a(ledf2.o)
                                        0x26a (size before relaxing)
 .debug_str     0x0000000000000c24      0x15b /home/twccyoyo/riscv/riscv-gnu-toolchain/lib/gcc/riscv32-unknown-elf/8.2.0/libgcc.a(muldf3.o)
                                        0x446 (size before relaxing)
 .debug_str     0x0000000000000d7f       0x36 /home/twccyoyo/riscv/riscv-gnu-toolchain/lib/gcc/riscv32-unknown-elf/8.2.0/libgcc.a(subdf3.o)
                                        0x32c (size before relaxing)
 .debug_str     0x0000000000000db5       0x4b /home/twccyoyo/riscv/riscv-gnu-toolchain/lib/gcc/riscv32-unknown-elf/8.2.0/libgcc.a(fixdfsi.o)
                                        0x243 (size before relaxing)
 .debug_str     0x0000000000000e00       0x69 /home/twccyoyo/riscv/riscv-gnu-toolchain/lib/gcc/riscv32-unknown-elf/8.2.0/libgcc.a(floatsidf.o)
                                        0x2d9 (size before relaxing)
 .debug_str     0x0000000000000e69      0x116 /home/twccyoyo/riscv/riscv-gnu-toolchain/lib/gcc/riscv32-unknown-elf/8.2.0/libgcc.a(divsf3.o)
                                        0x359 (size before relaxing)
 .debug_str     0x0000000000000f7f       0x51 /home/twccyoyo/riscv/riscv-gnu-toolchain/lib/gcc/riscv32-unknown-elf/8.2.0/libgcc.a(floatsisf.o)
                                        0x2ba (size before relaxing)
 .debug_str     0x0000000000000fd0       0x4d /home/twccyoyo/riscv/riscv-gnu-toolchain/lib/gcc/riscv32-unknown-elf/8.2.0/libgcc.a(extendsfdf2.o)
                                        0x267 (size before relaxing)
 .debug_str     0x000000000000101d       0x3e /home/twccyoyo/riscv/riscv-gnu-toolchain/lib/gcc/riscv32-unknown-elf/8.2.0/libgcc.a(truncdfsf2.o)
                                        0x2c5 (size before relaxing)
 .debug_str     0x000000000000105b      0x7ad /home/twccyoyo/riscv/riscv-gnu-toolchain/lib/gcc/riscv32-unknown-elf/8.2.0/libgcc.a(_clz.o)
 .debug_str     0x000000000000105b        0x9 /home/twccyoyo/riscv/riscv-gnu-toolchain/lib/gcc/riscv32-unknown-elf/8.2.0/libgcc.a(_clzsi2.o)
                                        0x7ca (size before relaxing)

.debug_frame    0x0000000000000000      0x2a8
 .debug_frame   0x0000000000000000       0x44 /home/twccyoyo/riscv/riscv-gnu-toolchain/lib/gcc/riscv32-unknown-elf/8.2.0/libgcc.a(adddf3.o)
 .debug_frame   0x0000000000000044       0x58 /home/twccyoyo/riscv/riscv-gnu-toolchain/lib/gcc/riscv32-unknown-elf/8.2.0/libgcc.a(divdf3.o)
 .debug_frame   0x000000000000009c       0x20 /home/twccyoyo/riscv/riscv-gnu-toolchain/lib/gcc/riscv32-unknown-elf/8.2.0/libgcc.a(ledf2.o)
 .debug_frame   0x00000000000000bc       0x54 /home/twccyoyo/riscv/riscv-gnu-toolchain/lib/gcc/riscv32-unknown-elf/8.2.0/libgcc.a(muldf3.o)
 .debug_frame   0x0000000000000110       0x44 /home/twccyoyo/riscv/riscv-gnu-toolchain/lib/gcc/riscv32-unknown-elf/8.2.0/libgcc.a(subdf3.o)
 .debug_frame   0x0000000000000154       0x20 /home/twccyoyo/riscv/riscv-gnu-toolchain/lib/gcc/riscv32-unknown-elf/8.2.0/libgcc.a(fixdfsi.o)
 .debug_frame   0x0000000000000174       0x38 /home/twccyoyo/riscv/riscv-gnu-toolchain/lib/gcc/riscv32-unknown-elf/8.2.0/libgcc.a(floatsidf.o)
 .debug_frame   0x00000000000001ac       0x4c /home/twccyoyo/riscv/riscv-gnu-toolchain/lib/gcc/riscv32-unknown-elf/8.2.0/libgcc.a(divsf3.o)
 .debug_frame   0x00000000000001f8       0x38 /home/twccyoyo/riscv/riscv-gnu-toolchain/lib/gcc/riscv32-unknown-elf/8.2.0/libgcc.a(floatsisf.o)
 .debug_frame   0x0000000000000230       0x38 /home/twccyoyo/riscv/riscv-gnu-toolchain/lib/gcc/riscv32-unknown-elf/8.2.0/libgcc.a(extendsfdf2.o)
 .debug_frame   0x0000000000000268       0x20 /home/twccyoyo/riscv/riscv-gnu-toolchain/lib/gcc/riscv32-unknown-elf/8.2.0/libgcc.a(truncdfsf2.o)
 .debug_frame   0x0000000000000288       0x20 /home/twccyoyo/riscv/riscv-gnu-toolchain/lib/gcc/riscv32-unknown-elf/8.2.0/libgcc.a(_clzsi2.o)
